Archive member included to satisfy reference by file (symbol)

C:/NXP/MCUXpressoIDE_25.6.136/ide/tools/bin/../lib/gcc/arm-none-eabi/14.2.1/thumb/v7e-m+dp/hard\libgcc.a(_aeabi_uldivmod.o)
                              CMakeFiles/hello_world.elf.dir/c_/mcux/SDK_2_16_000_EVK-MIMXRT1060/devices/MIMXRT1062/system_MIMXRT1062.c.obj (__aeabi_uldivmod)
C:/NXP/MCUXpressoIDE_25.6.136/ide/tools/bin/../lib/gcc/arm-none-eabi/14.2.1/thumb/v7e-m+dp/hard\libgcc.a(_udivmoddi4.o)
                              C:/NXP/MCUXpressoIDE_25.6.136/ide/tools/bin/../lib/gcc/arm-none-eabi/14.2.1/thumb/v7e-m+dp/hard\libgcc.a(_aeabi_uldivmod.o) (__udivmoddi4)
C:/NXP/MCUXpressoIDE_25.6.136/ide/tools/bin/../lib/gcc/arm-none-eabi/14.2.1/thumb/v7e-m+dp/hard\libgcc.a(_dvmd_tls.o)
                              C:/NXP/MCUXpressoIDE_25.6.136/ide/tools/bin/../lib/gcc/arm-none-eabi/14.2.1/thumb/v7e-m+dp/hard\libgcc.a(_aeabi_uldivmod.o) (__aeabi_ldiv0)
C:/NXP/MCUXpressoIDE_25.6.136/ide/tools/bin/../lib/gcc/arm-none-eabi/14.2.1/thumb/v7e-m+dp/hard\libc_nano.a(libc_a-exit.o)
                              C:/NXP/MCUXpressoIDE_25.6.136/ide/tools/bin/../lib/gcc/arm-none-eabi/14.2.1/thumb/v7e-m+dp/hard/crt0.o (exit)
C:/NXP/MCUXpressoIDE_25.6.136/ide/tools/bin/../lib/gcc/arm-none-eabi/14.2.1/thumb/v7e-m+dp/hard\libc_nano.a(libc_a-malloc.o)
                              CMakeFiles/hello_world.elf.dir/c_/mcux/SDK_2_16_000_EVK-MIMXRT1060/components/osa/fsl_os_abstraction_bm.c.obj (malloc)
C:/NXP/MCUXpressoIDE_25.6.136/ide/tools/bin/../lib/gcc/arm-none-eabi/14.2.1/thumb/v7e-m+dp/hard\libc_nano.a(libc_a-mallocr.o)
                              C:/NXP/MCUXpressoIDE_25.6.136/ide/tools/bin/../lib/gcc/arm-none-eabi/14.2.1/thumb/v7e-m+dp/hard\libc_nano.a(libc_a-malloc.o) (_malloc_r)
C:/NXP/MCUXpressoIDE_25.6.136/ide/tools/bin/../lib/gcc/arm-none-eabi/14.2.1/thumb/v7e-m+dp/hard\libc_nano.a(libc_a-mlock.o)
                              C:/NXP/MCUXpressoIDE_25.6.136/ide/tools/bin/../lib/gcc/arm-none-eabi/14.2.1/thumb/v7e-m+dp/hard\libc_nano.a(libc_a-mallocr.o) (__malloc_lock)
C:/NXP/MCUXpressoIDE_25.6.136/ide/tools/bin/../lib/gcc/arm-none-eabi/14.2.1/thumb/v7e-m+dp/hard\libc_nano.a(libc_a-strtoul.o)
                              CMakeFiles/hello_world.elf.dir/c_/mcux/SDK_2_16_000_EVK-MIMXRT1060/devices/MIMXRT1062/utilities/str/fsl_str.c.obj (strtoul)
C:/NXP/MCUXpressoIDE_25.6.136/ide/tools/bin/../lib/gcc/arm-none-eabi/14.2.1/thumb/v7e-m+dp/hard\libc_nano.a(libc_a-ctype_.o)
                              C:/NXP/MCUXpressoIDE_25.6.136/ide/tools/bin/../lib/gcc/arm-none-eabi/14.2.1/thumb/v7e-m+dp/hard\libc_nano.a(libc_a-strtoul.o) (_ctype_)
C:/NXP/MCUXpressoIDE_25.6.136/ide/tools/bin/../lib/gcc/arm-none-eabi/14.2.1/thumb/v7e-m+dp/hard\libc_nano.a(libc_a-findfp.o)
                              C:/NXP/MCUXpressoIDE_25.6.136/ide/tools/bin/../lib/gcc/arm-none-eabi/14.2.1/thumb/v7e-m+dp/hard\libc_nano.a(libc_a-exit.o) (__stdio_exit_handler)
C:/NXP/MCUXpressoIDE_25.6.136/ide/tools/bin/../lib/gcc/arm-none-eabi/14.2.1/thumb/v7e-m+dp/hard\libc_nano.a(libc_a-fwalk.o)
                              C:/NXP/MCUXpressoIDE_25.6.136/ide/tools/bin/../lib/gcc/arm-none-eabi/14.2.1/thumb/v7e-m+dp/hard\libc_nano.a(libc_a-findfp.o) (_fwalk_sglue)
C:/NXP/MCUXpressoIDE_25.6.136/ide/tools/bin/../lib/gcc/arm-none-eabi/14.2.1/thumb/v7e-m+dp/hard\libc_nano.a(libc_a-stdio.o)
                              C:/NXP/MCUXpressoIDE_25.6.136/ide/tools/bin/../lib/gcc/arm-none-eabi/14.2.1/thumb/v7e-m+dp/hard\libc_nano.a(libc_a-findfp.o) (__sread)
C:/NXP/MCUXpressoIDE_25.6.136/ide/tools/bin/../lib/gcc/arm-none-eabi/14.2.1/thumb/v7e-m+dp/hard\libc_nano.a(libc_a-memset.o)
                              C:/NXP/MCUXpressoIDE_25.6.136/ide/tools/bin/../lib/gcc/arm-none-eabi/14.2.1/thumb/v7e-m+dp/hard/crt0.o (memset)
C:/NXP/MCUXpressoIDE_25.6.136/ide/tools/bin/../lib/gcc/arm-none-eabi/14.2.1/thumb/v7e-m+dp/hard\libc_nano.a(libc_a-closer.o)
                              C:/NXP/MCUXpressoIDE_25.6.136/ide/tools/bin/../lib/gcc/arm-none-eabi/14.2.1/thumb/v7e-m+dp/hard\libc_nano.a(libc_a-stdio.o) (_close_r)
C:/NXP/MCUXpressoIDE_25.6.136/ide/tools/bin/../lib/gcc/arm-none-eabi/14.2.1/thumb/v7e-m+dp/hard\libc_nano.a(libc_a-reent.o)
                              C:/NXP/MCUXpressoIDE_25.6.136/ide/tools/bin/../lib/gcc/arm-none-eabi/14.2.1/thumb/v7e-m+dp/hard\libc_nano.a(libc_a-closer.o) (errno)
C:/NXP/MCUXpressoIDE_25.6.136/ide/tools/bin/../lib/gcc/arm-none-eabi/14.2.1/thumb/v7e-m+dp/hard\libc_nano.a(libc_a-impure.o)
                              C:/NXP/MCUXpressoIDE_25.6.136/ide/tools/bin/../lib/gcc/arm-none-eabi/14.2.1/thumb/v7e-m+dp/hard\libc_nano.a(libc_a-malloc.o) (_impure_ptr)
C:/NXP/MCUXpressoIDE_25.6.136/ide/tools/bin/../lib/gcc/arm-none-eabi/14.2.1/thumb/v7e-m+dp/hard\libc_nano.a(libc_a-lseekr.o)
                              C:/NXP/MCUXpressoIDE_25.6.136/ide/tools/bin/../lib/gcc/arm-none-eabi/14.2.1/thumb/v7e-m+dp/hard\libc_nano.a(libc_a-stdio.o) (_lseek_r)
[...]
Memory Configuration

Name             Origin             Length             Attributes
m_interrupts     0x00000000         0x00000400         xr
m_text           0x00000400         0x0001fc00         xr
m_data           0x20000000         0x00020000         rw
m_data2          0x20200000         0x000c0000         rw
*default*        0x00000000         0xffffffff

Linker script and memory map

LOAD C:/NXP/MCUXpressoIDE_25.6.136/ide/tools/bin/../lib/gcc/arm-none-eabi/14.2.1/thumb/v7e-m+dp/hard/crti.o
LOAD C:/NXP/MCUXpressoIDE_25.6.136/ide/tools/bin/../lib/gcc/arm-none-eabi/14.2.1/thumb/v7e-m+dp/hard/crtbegin.o
LOAD C:/NXP/MCUXpressoIDE_25.6.136/ide/tools/bin/../lib/gcc/arm-none-eabi/14.2.1/thumb/v7e-m+dp/hard/crt0.o
LOAD CMakeFiles/hello_world.elf.dir/57cdbd3503a16e3a7a20bdf509f7db1c/Hardware/teensy/evkmimxrt1060_hello_world/hello_world.c.obj
LOAD CMakeFiles/hello_world.elf.dir/C_/Users/1-21/Desktop/MyGitMISRA/VEDA_Final_Project/Hardware/teensy/evkmimxrt1060_hello_world/pin_mux.c.obj
LOAD CMakeFiles/hello_world.elf.dir/C_/Users/1-21/Desktop/MyGitMISRA/VEDA_Final_Project/Hardware/teensy/evkmimxrt1060_hello_world/board.c.obj
LOAD CMakeFiles/hello_world.elf.dir/57cdbd3503a16e3a7a20bdf509f7db1c/Hardware/teensy/evkmimxrt1060_hello_world/clock_config.c.obj
LOAD CMakeFiles/hello_world.elf.dir/C_/Users/1-21/Desktop/MyGitMISRA/VEDA_Final_Project/Hardware/teensy/evkmimxrt1060_hello_world/dcd.c.obj
LOAD CMakeFiles/hello_world.elf.dir/c_/mcux/SDK_2_16_000_EVK-MIMXRT1060/components/lists/fsl_component_generic_list.c.obj
LOAD CMakeFiles/hello_world.elf.dir/c_/mcux/SDK_2_16_000_EVK-MIMXRT1060/components/osa/fsl_os_abstraction_bm.c.obj
LOAD CMakeFiles/hello_world.elf.dir/c_/mcux/SDK_2_16_000_EVK-MIMXRT1060/components/serial_manager/fsl_component_serial_manager.c.obj
LOAD CMakeFiles/hello_world.elf.dir/c_/mcux/SDK_2_16_000_EVK-MIMXRT1060/components/serial_manager/fsl_component_serial_port_usb.c.obj
LOAD CMakeFiles/hello_world.elf.dir/c_/mcux/SDK_2_16_000_EVK-MIMXRT1060/components/serial_manager/usb_cdc_adapter/usb_device_descriptor.c.obj
LOAD CMakeFiles/hello_world.elf.dir/c_/mcux/SDK_2_16_000_EVK-MIMXRT1060/devices/MIMXRT1062/gcc/startup_MIMXRT1062.S.obj
LOAD CMakeFiles/hello_world.elf.dir/c_/mcux/SDK_2_16_000_EVK-MIMXRT1060/devices/MIMXRT1062/system_MIMXRT1062.c.obj
LOAD CMakeFiles/hello_world.elf.dir/c_/mcux/SDK_2_16_000_EVK-MIMXRT1060/devices/MIMXRT1062/drivers/fsl_cache.c.obj
LOAD CMakeFiles/hello_world.elf.dir/c_/mcux/SDK_2_16_000_EVK-MIMXRT1060/devices/MIMXRT1062/drivers/fsl_clock.c.obj
LOAD CMakeFiles/hello_world.elf.dir/c_/mcux/SDK_2_16_000_EVK-MIMXRT1060/devices/MIMXRT1062/drivers/fsl_common.c.obj
LOAD CMakeFiles/hello_world.elf.dir/c_/mcux/SDK_2_16_000_EVK-MIMXRT1060/devices/MIMXRT1062/drivers/fsl_common_arm.c.obj
LOAD CMakeFiles/hello_world.elf.dir/c_/mcux/SDK_2_16_000_EVK-MIMXRT1060/devices/MIMXRT1062/drivers/fsl_gpio.c.obj
LOAD CMakeFiles/hello_world.elf.dir/c_/mcux/SDK_2_16_000_EVK-MIMXRT1060/devices/MIMXRT1062/drivers/fsl_lpi2c.c.obj
LOAD CMakeFiles/hello_world.elf.dir/c_/mcux/SDK_2_16_000_EVK-MIMXRT1060/devices/MIMXRT1062/drivers/fsl_lpspi.c.obj
LOAD CMakeFiles/hello_world.elf.dir/c_/mcux/SDK_2_16_000_EVK-MIMXRT1060/boards/evkmimxrt1060/xip/evkmimxrt1060_flexspi_nor_config.c.obj
LOAD CMakeFiles/hello_world.elf.dir/c_/mcux/SDK_2_16_000_EVK-MIMXRT1060/devices/MIMXRT1062/xip/fsl_flexspi_nor_boot.c.obj
LOAD CMakeFiles/hello_world.elf.dir/c_/mcux/SDK_2_16_000_EVK-MIMXRT1060/middleware/usb/output/source/device/class/usb_device_cdc_acm.c.obj
LOAD CMakeFiles/hello_world.elf.dir/c_/mcux/SDK_2_16_000_EVK-MIMXRT1060/middleware/usb/device/usb_device_dci.c.obj
LOAD CMakeFiles/hello_world.elf.dir/c_/mcux/SDK_2_16_000_EVK-MIMXRT1060/middleware/usb/device/usb_device_ehci.c.obj
LOAD CMakeFiles/hello_world.elf.dir/c_/mcux/SDK_2_16_000_EVK-MIMXRT1060/middleware/usb/output/source/device/class/usb_device_class.c.obj
LOAD CMakeFiles/hello_world.elf.dir/c_/mcux/SDK_2_16_000_EVK-MIMXRT1060/middleware/usb/output/source/device/usb_device_ch9.c.obj
LOAD CMakeFiles/hello_world.elf.dir/c_/mcux/SDK_2_16_000_EVK-MIMXRT1060/middleware/usb/phy/usb_phy.c.obj
LOAD CMakeFiles/hello_world.elf.dir/c_/mcux/SDK_2_16_000_EVK-MIMXRT1060/devices/MIMXRT1062/utilities/fsl_sbrk.c.obj
LOAD CMakeFiles/hello_world.elf.dir/c_/mcux/SDK_2_16_000_EVK-MIMXRT1060/devices/MIMXRT1062/utilities/fsl_syscall_stub.c.obj
LOAD CMakeFiles/hello_world.elf.dir/c_/mcux/SDK_2_16_000_EVK-MIMXRT1060/devices/MIMXRT1062/utilities/fsl_memcpy.S.obj
LOAD CMakeFiles/hello_world.elf.dir/c_/mcux/SDK_2_16_000_EVK-MIMXRT1060/devices/MIMXRT1062/utilities/fsl_assert.c.obj
LOAD CMakeFiles/hello_world.elf.dir/c_/mcux/SDK_2_16_000_EVK-MIMXRT1060/devices/MIMXRT1062/utilities/debug_console/fsl_debug_console.c.obj
LOAD CMakeFiles/hello_world.elf.dir/c_/mcux/SDK_2_16_000_EVK-MIMXRT1060/devices/MIMXRT1062/utilities/str/fsl_str.c.obj
START GROUP
LOAD C:/NXP/MCUXpressoIDE_25.6.136/ide/tools/bin/../lib/gcc/arm-none-eabi/14.2.1/thumb/v7e-m+dp/hard\libgcc.a
LOAD C:/NXP/MCUXpressoIDE_25.6.136/ide/tools/bin/../lib/gcc/arm-none-eabi/14.2.1/thumb/v7e-m+dp/hard\libc_nano.a
LOAD C:/NXP/MCUXpressoIDE_25.6.136/ide/tools/bin/../lib/gcc/arm-none-eabi/14.2.1/thumb/v7e-m+dp/hard\libm.a
LOAD C:/NXP/MCUXpressoIDE_25.6.136/ide/tools/bin/../lib/gcc/arm-none-eabi/14.2.1/../../../../arm-none-eabi/lib/thumb/v7e-m+dp/hard\libcr_newlib_nohost.a
END GROUP
START GROUP
LOAD C:/NXP/MCUXpressoIDE_25.6.136/ide/tools/bin/../lib/gcc/arm-none-eabi/14.2.1/thumb/v7e-m+dp/hard\libgcc.a
LOAD C:/NXP/MCUXpressoIDE_25.6.136/ide/tools/bin/../lib/gcc/arm-none-eabi/14.2.1/thumb/v7e-m+dp/hard\libg_nano.a
LOAD C:/NXP/MCUXpressoIDE_25.6.136/ide/tools/bin/../lib/gcc/arm-none-eabi/14.2.1/thumb/v7e-m+dp/hard\libc_nano.a
END GROUP
START GROUP
LOAD C:/NXP/MCUXpressoIDE_25.6.136/ide/tools/bin/../lib/gcc/arm-none-eabi/14.2.1/thumb/v7e-m+dp/hard\libgcc.a
LOAD C:/NXP/MCUXpressoIDE_25.6.136/ide/tools/bin/../lib/gcc/arm-none-eabi/14.2.1/thumb/v7e-m+dp/hard\libc_nano.a
LOAD C:/NXP/MCUXpressoIDE_25.6.136/ide/tools/bin/../lib/gcc/arm-none-eabi/14.2.1/thumb/v7e-m+dp/hard\libnosys.a
END GROUP
START GROUP
LOAD C:/NXP/MCUXpressoIDE_25.6.136/ide/tools/bin/../lib/gcc/arm-none-eabi/14.2.1/thumb/v7e-m+dp/hard\libgcc.a
LOAD C:/NXP/MCUXpressoIDE_25.6.136/ide/tools/bin/../lib/gcc/arm-none-eabi/14.2.1/thumb/v7e-m+dp/hard\libc_nano.a
LOAD C:/NXP/MCUXpressoIDE_25.6.136/ide/tools/bin/../lib/gcc/arm-none-eabi/14.2.1/thumb/v7e-m+dp/hard\libnosys.a
END GROUP
LOAD C:/NXP/MCUXpressoIDE_25.6.136/ide/tools/bin/../lib/gcc/arm-none-eabi/14.2.1/thumb/v7e-m+dp/hard/crtend.o
LOAD C:/NXP/MCUXpressoIDE_25.6.136/ide/tools/bin/../lib/gcc/arm-none-eabi/14.2.1/thumb/v7e-m+dp/hard/crtn.o
                0x00000400                        HEAP_SIZE = DEFINED (__heap_size__)?__heap_size__:0x400
                0x00000400                        STACK_SIZE = DEFINED (__stack_size__)?__stack_size__:0x400
                0x20200000                        __NCACHE_REGION_START = ORIGIN (m_data2)
                0x00000000                        __NCACHE_REGION_SIZE = 0x0

.interrupts     0x00000000      0x400
                0x00000000                        __VECTOR_TABLE = .
                0x00000000                        __Vectors = .
                0x00000000                        . = ALIGN (0x4)
 *(.isr_vector)
 .isr_vector    0x00000000      0x400 CMakeFiles/hello_world.elf.dir/c_/mcux/SDK_2_16_000_EVK-MIMXRT1060/devices/MIMXRT1062/gcc/startup_MIMXRT1062.S.obj
                0x00000000                __isr_vector
                0x00000400                        . = ALIGN (0x4)

.text           0x00000400     0xce64
                0x00000400                        . = ALIGN (0x4)
 *(.text)
 .text          0x00000400       0x7c C:/NXP/MCUXpressoIDE_25.6.136/ide/tools/bin/../lib/gcc/arm-none-eabi/14.2.1/thumb/v7e-m+dp/hard/crt0.o
                0x00000400                _stack_init
                0x00000408                _start
                0x00000408                _mainCRTStartup
 .text          0x0000047c      0x258 CMakeFiles/hello_world.elf.dir/c_/mcux/SDK_2_16_000_EVK-MIMXRT1060/devices/MIMXRT1062/gcc/startup_MIMXRT1062.S.obj
                0x0000047c                Reset_Handler
                0x00000508                LPUART8_DriverIRQHandler
                0x00000508                PWM1_3_IRQHandler
                0x00000508                FLEXSPI2_DriverIRQHandler
                0x00000508                SJC_IRQHandler
                0x00000508                ADC_ETC_IRQ0_IRQHandler
                0x00000508                DebugMon_Handler
                0x00000508                SAI3_RX_DriverIRQHandler
                0x00000508                PXP_IRQHandler
                0x00000508                DMA13_DMA29_DriverIRQHandler
                0x00000508                CTI1_ERROR_IRQHandler
                0x00000508                Reserved86_IRQHandler
                0x00000508                SRC_IRQHandler
                0x00000508                PWM3_FAULT_IRQHandler
                0x00000508                GPIO2_Combined_0_15_IRQHandler
                0x00000508                SPDIF_DriverIRQHandler
                0x00000508                GPIO1_INT2_IRQHandler
                0x00000508                CSI_IRQHandler
                0x00000508                LCDIF_IRQHandler
                0x00000508                ENET2_DriverIRQHandler
                0x00000508                SNVS_LP_WRAPPER_IRQHandler
                0x00000508                ENC2_IRQHandler
                0x00000508                PWM2_2_IRQHandler
                0x00000508                TRNG_IRQHandler
                0x00000508                TMR1_IRQHandler
                0x00000508                PWM4_FAULT_IRQHandler
                0x00000508                CAN1_DriverIRQHandler
                0x00000508                GPIO1_INT7_IRQHandler
                0x00000508                CCM_1_IRQHandler
                0x00000508                PWM4_0_IRQHandler
                0x00000508                CAN3_DriverIRQHandler
                0x00000508                ADC_ETC_IRQ1_IRQHandler
                0x00000508                DMA_ERROR_DriverIRQHandler
                0x00000508                ENC4_IRQHandler
                0x00000508                GPIO4_Combined_16_31_IRQHandler
                0x00000508                DMA15_DMA31_DriverIRQHandler
                0x00000508                DMA7_DMA23_DriverIRQHandler
                0x00000508                CTI0_ERROR_IRQHandler
                0x00000508                GPIO5_Combined_0_15_IRQHandler
                0x00000508                PWM1_0_IRQHandler
                0x00000508                Reserved68_IRQHandler
                0x00000508                BusFault_Handler
                0x00000508                USB_PHY2_IRQHandler
                0x00000508                ACMP1_IRQHandler
                0x00000508                TSC_DIG_IRQHandler
                0x00000508                DMA5_DMA21_DriverIRQHandler
                0x00000508                GPIO4_Combined_0_15_IRQHandler
                0x00000508                FLEXRAM_IRQHandler
                0x00000508                GPT2_IRQHandler
                0x00000508                PWM2_0_IRQHandler
                0x00000508                DCP_VMI_IRQHandler
                0x00000508                ACMP2_IRQHandler
                0x00000508                DMA14_DMA30_DriverIRQHandler
                0x00000508                FLEXIO3_DriverIRQHandler
                0x00000508                ENET_1588_Timer_DriverIRQHandler
                0x00000508                SAI3_TX_DriverIRQHandler
                0x00000508                PWM2_1_IRQHandler
                0x00000508                SNVS_HP_WRAPPER_TZ_IRQHandler
                0x00000508                PWM2_FAULT_IRQHandler
                0x00000508                FLEXIO2_DriverIRQHandler
                0x00000508                XBAR1_IRQ_0_1_IRQHandler
                0x00000508                UsageFault_Handler
                0x00000508                WDOG1_IRQHandler
                0x00000508                TMR3_IRQHandler
                0x00000508                PMU_EVENT_IRQHandler
                0x00000508                LPUART5_DriverIRQHandler
                0x00000508                GPT1_IRQHandler
                0x00000508                GPIO2_Combined_16_31_IRQHandler
                0x00000508                PWM4_1_IRQHandler
                0x00000508                ACMP4_IRQHandler
                0x00000508                SEMC_IRQHandler
                0x00000508                DMA0_DMA16_DriverIRQHandler
                0x00000508                DefaultISR
                0x00000508                PWM1_1_IRQHandler
                0x00000508                GPIO6_7_8_9_IRQHandler
                0x00000508                DMA2_DMA18_DriverIRQHandler
                0x00000508                PWM3_0_IRQHandler
                0x00000508                USDHC1_DriverIRQHandler
                0x00000508                PWM3_3_IRQHandler
                0x00000508                GPIO1_INT0_IRQHandler
                0x00000508                LPUART2_DriverIRQHandler
                0x00000508                Reserved143_IRQHandler
                0x00000508                CSU_IRQHandler
                0x00000508                PWM1_FAULT_IRQHandler
                0x00000508                ADC1_IRQHandler
                0x00000508                FLEXIO1_DriverIRQHandler
                0x00000508                ENET_DriverIRQHandler
                0x00000508                ENC1_IRQHandler
                0x00000508                GPIO1_Combined_16_31_IRQHandler
                0x00000508                ACMP3_IRQHandler
                0x00000508                RTWDOG_IRQHandler
                0x00000508                USB_PHY1_IRQHandler
                0x00000508                Reserved78_IRQHandler
                0x00000508                SAI1_DriverIRQHandler
                0x00000508                DMA12_DMA28_DriverIRQHandler
                0x00000508                ENC3_IRQHandler
                0x00000508                GPIO3_Combined_16_31_IRQHandler
                0x00000508                EWM_IRQHandler
                0x00000508                TEMP_LOW_HIGH_IRQHandler
                0x00000508                WDOG2_IRQHandler
                0x00000508                GPIO1_INT5_IRQHandler
                0x00000508                FLEXSPI_DriverIRQHandler
                0x00000508                TMR4_IRQHandler
                0x00000508                PWM3_1_IRQHandler
                0x00000508                PWM2_3_IRQHandler
                0x00000508                LPUART3_DriverIRQHandler
                0x00000508                CORE_IRQHandler
                0x00000508                DMA3_DMA19_DriverIRQHandler
                0x00000508                GPIO1_Combined_0_15_IRQHandler
                0x00000508                DMA10_DMA26_DriverIRQHandler
                0x00000508                TEMP_PANIC_IRQHandler
                0x00000508                GPIO1_INT6_IRQHandler
                0x00000508                PWM1_2_IRQHandler
                0x00000508                Reserved144_IRQHandler
                0x00000508                GPR_IRQ_IRQHandler
                0x00000508                GPC_IRQHandler
                0x00000508                LPUART1_DriverIRQHandler
                0x00000508                DCDC_IRQHandler
                0x00000508                GPIO3_Combined_0_15_IRQHandler
                0x00000508                PWM4_3_IRQHandler
                0x00000508                DMA9_DMA25_DriverIRQHandler
                0x00000508                DMA1_DMA17_DriverIRQHandler
                0x00000508                LPUART4_DriverIRQHandler
                0x00000508                CAN2_DriverIRQHandler
                0x00000508                GPIO1_INT3_IRQHandler
                0x00000508                GPIO5_Combined_16_31_IRQHandler
                0x00000508                TMR2_IRQHandler
                0x00000508                ADC_ETC_ERROR_IRQ_IRQHandler
                0x00000508                DMA8_DMA24_DriverIRQHandler
                0x00000508                PWM4_2_IRQHandler
                0x00000508                DMA6_DMA22_DriverIRQHandler
                0x00000508                BEE_IRQHandler
                0x00000508                GPIO1_INT1_IRQHandler
                0x00000508                DMA4_DMA20_DriverIRQHandler
                0x00000508                ADC_ETC_IRQ2_IRQHandler
                0x00000508                GPIO1_INT4_IRQHandler
                0x00000508                LPUART6_DriverIRQHandler
                0x00000508                CCM_2_IRQHandler
                0x00000508                KPP_IRQHandler
                0x00000508                LPUART7_DriverIRQHandler
                0x00000508                ADC2_IRQHandler
                0x00000508                USDHC2_DriverIRQHandler
                0x00000508                GPIO10_Combined_0_31_IRQHandler
                0x00000508                MemManage_Handler
                0x00000508                SAI2_DriverIRQHandler
                0x00000508                Reserved171_IRQHandler
                0x00000508                PIT_IRQHandler
                0x00000508                Reserved115_IRQHandler
                0x00000508                SNVS_HP_WRAPPER_IRQHandler
                0x00000508                ENET2_1588_Timer_DriverIRQHandler
                0x00000508                DMA11_DMA27_DriverIRQHandler
                0x00000508                DCP_IRQHandler
                0x00000508                XBAR1_IRQ_2_3_IRQHandler
                0x00000508                PWM3_2_IRQHandler
                0x0000050c                NMI_Handler
                0x00000510                HardFault_Handler
                0x00000514                SVC_Handler
                0x00000518                PendSV_Handler
                0x0000051c                SysTick_Handler
                0x00000520                DMA0_DMA16_IRQHandler
                0x00000524                DMA1_DMA17_IRQHandler
                0x00000528                DMA2_DMA18_IRQHandler
                0x0000052c                DMA3_DMA19_IRQHandler
                0x00000530                DMA4_DMA20_IRQHandler
                0x00000534                DMA5_DMA21_IRQHandler
                0x00000538                DMA6_DMA22_IRQHandler
                0x0000053c                DMA7_DMA23_IRQHandler
                0x00000540                DMA8_DMA24_IRQHandler
                0x00000544                DMA9_DMA25_IRQHandler
                0x00000548                DMA10_DMA26_IRQHandler
                0x0000054c                DMA11_DMA27_IRQHandler
                0x00000550                DMA12_DMA28_IRQHandler
                0x00000554                DMA13_DMA29_IRQHandler
                0x00000558                DMA14_DMA30_IRQHandler
                0x0000055c                DMA15_DMA31_IRQHandler
                0x00000560                DMA_ERROR_IRQHandler
                0x00000564                LPUART1_IRQHandler
                0x00000568                LPUART2_IRQHandler
                0x0000056c                LPUART3_IRQHandler
                0x00000570                LPUART4_IRQHandler
                0x00000574                LPUART5_IRQHandler
                0x00000578                LPUART6_IRQHandler
                0x0000057c                LPUART7_IRQHandler
                0x00000580                LPUART8_IRQHandler
                0x00000584                LPI2C1_IRQHandler
                0x00000588                LPI2C2_IRQHandler
                0x0000058c                LPI2C3_IRQHandler
                0x00000590                LPI2C4_IRQHandler
                0x00000594                LPSPI1_IRQHandler
                0x00000598                LPSPI2_IRQHandler
                0x0000059c                LPSPI3_IRQHandler
                0x000005a0                LPSPI4_IRQHandler
                0x000005a4                CAN1_IRQHandler
                0x000005a8                CAN2_IRQHandler
                0x000005ac                SAI1_IRQHandler
                0x000005b0                SAI2_IRQHandler
                0x000005b4                SAI3_RX_IRQHandler
                0x000005b8                SAI3_TX_IRQHandler
                0x000005bc                SPDIF_IRQHandler
                0x000005c0                FLEXIO1_IRQHandler
                0x000005c4                FLEXIO2_IRQHandler
                0x000005c8                FLEXSPI2_IRQHandler
                0x000005cc                FLEXSPI_IRQHandler
                0x000005d0                USDHC1_IRQHandler
                0x000005d4                USDHC2_IRQHandler
                0x000005d8                ENET_IRQHandler
                0x000005dc                ENET_1588_Timer_IRQHandler
                0x000005e0                ENET2_IRQHandler
                0x000005e4                ENET2_1588_Timer_IRQHandler
                0x000005e8                CAN3_IRQHandler
                0x000005ec                FLEXIO3_IRQHandler
 .text          0x000006d4       0xa0 CMakeFiles/hello_world.elf.dir/c_/mcux/SDK_2_16_000_EVK-MIMXRT1060/devices/MIMXRT1062/utilities/fsl_memcpy.S.obj
                0x000006d4                memcpy
 .text          0x00000774       0x30 C:/NXP/MCUXpressoIDE_25.6.136/ide/tools/bin/../lib/gcc/arm-none-eabi/14.2.1/thumb/v7e-m+dp/hard\libgcc.a(_aeabi_uldivmod.o)
                0x00000774                __aeabi_uldivmod
 .text          0x000007a4        0x4 C:/NXP/MCUXpressoIDE_25.6.136/ide/tools/bin/../lib/gcc/arm-none-eabi/14.2.1/thumb/v7e-m+dp/hard\libgcc.a(_dvmd_tls.o)
                0x000007a4                __aeabi_idiv0
                0x000007a4                __aeabi_ldiv0
 .text          0x000007a8       0x10 C:/NXP/MCUXpressoIDE_25.6.136/ide/tools/bin/../lib/gcc/arm-none-eabi/14.2.1/thumb/v7e-m+dp/hard\libc_nano.a(libc_a-strlen.o)
                0x000007a8                strlen
 *(.text*)
 .text.deregister_tm_clones
                0x000007b8       0x1c C:/NXP/MCUXpressoIDE_25.6.136/ide/tools/bin/../lib/gcc/arm-none-eabi/14.2.1/thumb/v7e-m+dp/hard/crtbegin.o
 .text.register_tm_clones
                0x000007d4       0x24 C:/NXP/MCUXpressoIDE_25.6.136/ide/tools/bin/../lib/gcc/arm-none-eabi/14.2.1/thumb/v7e-m+dp/hard/crtbegin.o
 .text.__do_global_dtors_aux
                0x000007f8       0x28 C:/NXP/MCUXpressoIDE_25.6.136/ide/tools/bin/../lib/gcc/arm-none-eabi/14.2.1/thumb/v7e-m+dp/hard/crtbegin.o
 .text.frame_dummy
                0x00000820       0x24 C:/NXP/MCUXpressoIDE_25.6.136/ide/tools/bin/../lib/gcc/arm-none-eabi/14.2.1/thumb/v7e-m+dp/hard/crtbegin.o
 .text.ARM_MPU_Enable
                0x00000844       0x44 CMakeFiles/hello_world.elf.dir/57cdbd3503a16e3a7a20bdf509f7db1c/Hardware/teensy/evkmimxrt1060_hello_world/hello_world.c.obj
 .text.ARM_MPU_Disable
                0x00000888       0x40 CMakeFiles/hello_world.elf.dir/57cdbd3503a16e3a7a20bdf509f7db1c/Hardware/teensy/evkmimxrt1060_hello_world/hello_world.c.obj
 .text._SDK_AtomicLocalClearAndSet4Byte
                0x000008c8       0x50 CMakeFiles/hello_world.elf.dir/57cdbd3503a16e3a7a20bdf509f7db1c/Hardware/teensy/evkmimxrt1060_hello_world/hello_world.c.obj
 .text.CLOCK_SetMux
                0x00000918       0xac CMakeFiles/hello_world.elf.dir/57cdbd3503a16e3a7a20bdf509f7db1c/Hardware/teensy/evkmimxrt1060_hello_world/hello_world.c.obj
 .text.CLOCK_SetDiv
                0x000009c4       0xac CMakeFiles/hello_world.elf.dir/57cdbd3503a16e3a7a20bdf509f7db1c/Hardware/teensy/evkmimxrt1060_hello_world/hello_world.c.obj
 .text.CLOCK_ControlGate
                0x00000a70       0x70 CMakeFiles/hello_world.elf.dir/57cdbd3503a16e3a7a20bdf509f7db1c/Hardware/teensy/evkmimxrt1060_hello_world/hello_world.c.obj
 .text.CLOCK_EnableClock
                0x00000ae0       0x1e CMakeFiles/hello_world.elf.dir/57cdbd3503a16e3a7a20bdf509f7db1c/Hardware/teensy/evkmimxrt1060_hello_world/hello_world.c.obj
 .text.IOMUXC_SetPinMux
                0x00000afe       0x3a CMakeFiles/hello_world.elf.dir/57cdbd3503a16e3a7a20bdf509f7db1c/Hardware/teensy/evkmimxrt1060_hello_world/hello_world.c.obj
 .text.IOMUXC_SetPinConfig
                0x00000b38       0x26 CMakeFiles/hello_world.elf.dir/57cdbd3503a16e3a7a20bdf509f7db1c/Hardware/teensy/evkmimxrt1060_hello_world/hello_world.c.obj
 *fill*         0x00000b5e        0x2 
 .text.timerInit
                0x00000b60       0x60 CMakeFiles/hello_world.elf.dir/57cdbd3503a16e3a7a20bdf509f7db1c/Hardware/teensy/evkmimxrt1060_hello_world/hello_world.c.obj
 .text.boardConfigUsbMpu
                0x00000bc0      0x1c4 CMakeFiles/hello_world.elf.dir/57cdbd3503a16e3a7a20bdf509f7db1c/Hardware/teensy/evkmimxrt1060_hello_world/hello_world.c.obj
 .text.usbDeviceClockInit
                0x00000d84       0x48 CMakeFiles/hello_world.elf.dir/57cdbd3503a16e3a7a20bdf509f7db1c/Hardware/teensy/evkmimxrt1060_hello_world/hello_world.c.obj
 .text.uptimeMs
                0x00000dcc       0x2c CMakeFiles/hello_world.elf.dir/57cdbd3503a16e3a7a20bdf509f7db1c/Hardware/teensy/evkmimxrt1060_hello_world/hello_world.c.obj
 .text.delayUs  0x00000df8       0x40 CMakeFiles/hello_world.elf.dir/57cdbd3503a16e3a7a20bdf509f7db1c/Hardware/teensy/evkmimxrt1060_hello_world/hello_world.c.obj
 .text.delayMs  0x00000e38       0x28 CMakeFiles/hello_world.elf.dir/57cdbd3503a16e3a7a20bdf509f7db1c/Hardware/teensy/evkmimxrt1060_hello_world/hello_world.c.obj
 .text.setupLeptonPinmux
                0x00000e60      0x158 CMakeFiles/hello_world.elf.dir/57cdbd3503a16e3a7a20bdf509f7db1c/Hardware/teensy/evkmimxrt1060_hello_world/hello_world.c.obj
 .text.setupFrameSpiPinmux
                0x00000fb8       0xe0 CMakeFiles/hello_world.elf.dir/57cdbd3503a16e3a7a20bdf509f7db1c/Hardware/teensy/evkmimxrt1060_hello_world/hello_world.c.obj
 .text.initLeptonI2c
                0x00001098       0x54 CMakeFiles/hello_world.elf.dir/57cdbd3503a16e3a7a20bdf509f7db1c/Hardware/teensy/evkmimxrt1060_hello_world/hello_world.c.obj
 .text.initLeptonSpi
                0x000010ec       0x48 CMakeFiles/hello_world.elf.dir/57cdbd3503a16e3a7a20bdf509f7db1c/Hardware/teensy/evkmimxrt1060_hello_world/hello_world.c.obj
 .text.ensureFrameSpiReady
                0x00001134       0x94 CMakeFiles/hello_world.elf.dir/57cdbd3503a16e3a7a20bdf509f7db1c/Hardware/teensy/evkmimxrt1060_hello_world/hello_world.c.obj
 .text.resetLepton
                0x000011c8        0xe CMakeFiles/hello_world.elf.dir/57cdbd3503a16e3a7a20bdf509f7db1c/Hardware/teensy/evkmimxrt1060_hello_world/hello_world.c.obj
 *fill*         0x000011d6        0x2 
 .text.cciWriteReg
                0x000011d8       0x88 CMakeFiles/hello_world.elf.dir/57cdbd3503a16e3a7a20bdf509f7db1c/Hardware/teensy/evkmimxrt1060_hello_world/hello_world.c.obj
 .text.cciReadReg
                0x00001260       0x84 CMakeFiles/hello_world.elf.dir/57cdbd3503a16e3a7a20bdf509f7db1c/Hardware/teensy/evkmimxrt1060_hello_world/hello_world.c.obj
 .text.cciWaitBusy
                0x000012e4       0x5e CMakeFiles/hello_world.elf.dir/57cdbd3503a16e3a7a20bdf509f7db1c/Hardware/teensy/evkmimxrt1060_hello_world/hello_world.c.obj
 .text.cciSet   0x00001342       0x7e CMakeFiles/hello_world.elf.dir/57cdbd3503a16e3a7a20bdf509f7db1c/Hardware/teensy/evkmimxrt1060_hello_world/hello_world.c.obj
 .text.configureLepton
                0x000013c0       0x58 CMakeFiles/hello_world.elf.dir/57cdbd3503a16e3a7a20bdf509f7db1c/Hardware/teensy/evkmimxrt1060_hello_world/hello_world.c.obj
 .text.frameChecksum
                0x00001418       0x44 CMakeFiles/hello_world.elf.dir/57cdbd3503a16e3a7a20bdf509f7db1c/Hardware/teensy/evkmimxrt1060_hello_world/hello_world.c.obj
 .text.frameWriteU16Be
                0x0000145c       0x2e CMakeFiles/hello_world.elf.dir/57cdbd3503a16e3a7a20bdf509f7db1c/Hardware/teensy/evkmimxrt1060_hello_world/hello_world.c.obj
 *fill*         0x0000148a        0x2 
 .text.sendFrameOverSpi
                0x0000148c      0x188 CMakeFiles/hello_world.elf.dir/57cdbd3503a16e3a7a20bdf509f7db1c/Hardware/teensy/evkmimxrt1060_hello_world/hello_world.c.obj
 .text.captureFrame
                0x00001614      0x1b8 CMakeFiles/hello_world.elf.dir/57cdbd3503a16e3a7a20bdf509f7db1c/Hardware/teensy/evkmimxrt1060_hello_world/hello_world.c.obj
 .text.main     0x000017cc       0xec CMakeFiles/hello_world.elf.dir/57cdbd3503a16e3a7a20bdf509f7db1c/Hardware/teensy/evkmimxrt1060_hello_world/hello_world.c.obj
                0x000017cc                main
 .text.ARM_MPU_Enable
                0x000018b8       0x44 CMakeFiles/hello_world.elf.dir/C_/Users/1-21/Desktop/MyGitMISRA/VEDA_Final_Project/Hardware/teensy/evkmimxrt1060_hello_world/board.c.obj
 .text.ARM_MPU_Disable
                0x000018fc       0x40 CMakeFiles/hello_world.elf.dir/C_/Users/1-21/Desktop/MyGitMISRA/VEDA_Final_Project/Hardware/teensy/evkmimxrt1060_hello_world/board.c.obj
 .text.BOARD_ConfigMPU
                0x0000193c      0x33c CMakeFiles/hello_world.elf.dir/C_/Users/1-21/Desktop/MyGitMISRA/VEDA_Final_Project/Hardware/teensy/evkmimxrt1060_hello_world/board.c.obj
                0x0000193c                BOARD_ConfigMPU
 .text._SDK_AtomicLocalClearAndSet4Byte
                0x00001c78       0x50 CMakeFiles/hello_world.elf.dir/57cdbd3503a16e3a7a20bdf509f7db1c/Hardware/teensy/evkmimxrt1060_hello_world/clock_config.c.obj
 .text.CLOCK_SetMux
                0x00001cc8       0xac CMakeFiles/hello_world.elf.dir/57cdbd3503a16e3a7a20bdf509f7db1c/Hardware/teensy/evkmimxrt1060_hello_world/clock_config.c.obj
 .text.CLOCK_SetDiv
                0x00001d74       0xac CMakeFiles/hello_world.elf.dir/57cdbd3503a16e3a7a20bdf509f7db1c/Hardware/teensy/evkmimxrt1060_hello_world/clock_config.c.obj
 .text.CLOCK_ControlGate
                0x00001e20       0x70 CMakeFiles/hello_world.elf.dir/57cdbd3503a16e3a7a20bdf509f7db1c/Hardware/teensy/evkmimxrt1060_hello_world/clock_config.c.obj
 .text.CLOCK_DisableClock
                0x00001e90       0x1e CMakeFiles/hello_world.elf.dir/57cdbd3503a16e3a7a20bdf509f7db1c/Hardware/teensy/evkmimxrt1060_hello_world/clock_config.c.obj
 *fill*         0x00001eae        0x2 
 .text.CLOCK_SetXtalFreq
                0x00001eb0       0x20 CMakeFiles/hello_world.elf.dir/57cdbd3503a16e3a7a20bdf509f7db1c/Hardware/teensy/evkmimxrt1060_hello_world/clock_config.c.obj
 .text.CLOCK_SetRtcXtalFreq
                0x00001ed0       0x20 CMakeFiles/hello_world.elf.dir/57cdbd3503a16e3a7a20bdf509f7db1c/Hardware/teensy/evkmimxrt1060_hello_world/clock_config.c.obj
 .text.CLOCK_SetPllBypass
                0x00001ef0       0x4e CMakeFiles/hello_world.elf.dir/57cdbd3503a16e3a7a20bdf509f7db1c/Hardware/teensy/evkmimxrt1060_hello_world/clock_config.c.obj
 .text.IOMUXC_SetSaiMClkClockSource
                0x00001f3e       0x6c CMakeFiles/hello_world.elf.dir/57cdbd3503a16e3a7a20bdf509f7db1c/Hardware/teensy/evkmimxrt1060_hello_world/clock_config.c.obj
 *fill*         0x00001faa        0x2 
 .text.IOMUXC_MQSConfig
                0x00001fac       0x44 CMakeFiles/hello_world.elf.dir/57cdbd3503a16e3a7a20bdf509f7db1c/Hardware/teensy/evkmimxrt1060_hello_world/clock_config.c.obj
 .text.BOARD_InitBootClocks
                0x00001ff0        0xc CMakeFiles/hello_world.elf.dir/57cdbd3503a16e3a7a20bdf509f7db1c/Hardware/teensy/evkmimxrt1060_hello_world/clock_config.c.obj
                0x00001ff0                BOARD_InitBootClocks
 .text.BOARD_BootClockRUN
                0x00001ffc      0x724 CMakeFiles/hello_world.elf.dir/57cdbd3503a16e3a7a20bdf509f7db1c/Hardware/teensy/evkmimxrt1060_hello_world/clock_config.c.obj
                0x00001ffc                BOARD_BootClockRUN
 .text.DisableGlobalIRQ
                0x00002720       0x22 CMakeFiles/hello_world.elf.dir/c_/mcux/SDK_2_16_000_EVK-MIMXRT1060/components/lists/fsl_component_generic_list.c.obj
 .text.EnableGlobalIRQ
                0x00002742       0x20 CMakeFiles/hello_world.elf.dir/c_/mcux/SDK_2_16_000_EVK-MIMXRT1060/components/lists/fsl_component_generic_list.c.obj
 .text.LIST_Error_Check
                0x00002762       0x36 CMakeFiles/hello_world.elf.dir/c_/mcux/SDK_2_16_000_EVK-MIMXRT1060/components/lists/fsl_component_generic_list.c.obj
 .text.LIST_AddTail
                0x00002798       0x6a CMakeFiles/hello_world.elf.dir/c_/mcux/SDK_2_16_000_EVK-MIMXRT1060/components/lists/fsl_component_generic_list.c.obj
                0x00002798                LIST_AddTail
 .text.LIST_RemoveHead
                0x00002802       0x5e CMakeFiles/hello_world.elf.dir/c_/mcux/SDK_2_16_000_EVK-MIMXRT1060/components/lists/fsl_component_generic_list.c.obj
                0x00002802                LIST_RemoveHead
 .text.LIST_GetHead
                0x00002860       0x18 CMakeFiles/hello_world.elf.dir/c_/mcux/SDK_2_16_000_EVK-MIMXRT1060/components/lists/fsl_component_generic_list.c.obj
                0x00002860                LIST_GetHead
 .text.DisableGlobalIRQ
                0x00002878       0x22 CMakeFiles/hello_world.elf.dir/c_/mcux/SDK_2_16_000_EVK-MIMXRT1060/components/osa/fsl_os_abstraction_bm.c.obj
 .text.EnableGlobalIRQ
                0x0000289a       0x20 CMakeFiles/hello_world.elf.dir/c_/mcux/SDK_2_16_000_EVK-MIMXRT1060/components/osa/fsl_os_abstraction_bm.c.obj
 .text.OSA_EnterCritical
                0x000028ba       0x1a CMakeFiles/hello_world.elf.dir/c_/mcux/SDK_2_16_000_EVK-MIMXRT1060/components/osa/fsl_os_abstraction_bm.c.obj
                0x000028ba                OSA_EnterCritical
 .text.OSA_ExitCritical
                0x000028d4       0x16 CMakeFiles/hello_world.elf.dir/c_/mcux/SDK_2_16_000_EVK-MIMXRT1060/components/osa/fsl_os_abstraction_bm.c.obj
                0x000028d4                OSA_ExitCritical
 *fill*         0x000028ea        0x2 
 .text.OSA_MutexCreate
                0x000028ec       0x44 CMakeFiles/hello_world.elf.dir/c_/mcux/SDK_2_16_000_EVK-MIMXRT1060/components/osa/fsl_os_abstraction_bm.c.obj
                0x000028ec                OSA_MutexCreate
 .text.OSA_MutexDestroy
                0x00002930       0x40 CMakeFiles/hello_world.elf.dir/c_/mcux/SDK_2_16_000_EVK-MIMXRT1060/components/osa/fsl_os_abstraction_bm.c.obj
                0x00002930                OSA_MutexDestroy
 .text.DisableGlobalIRQ
                0x00002970       0x22 CMakeFiles/hello_world.elf.dir/c_/mcux/SDK_2_16_000_EVK-MIMXRT1060/components/serial_manager/fsl_component_serial_manager.c.obj
 .text.EnableGlobalIRQ
                0x00002992       0x20 CMakeFiles/hello_world.elf.dir/c_/mcux/SDK_2_16_000_EVK-MIMXRT1060/components/serial_manager/fsl_component_serial_manager.c.obj
 .text.SerialManager_needPollingIsr
                0x000029b2       0x24 CMakeFiles/hello_world.elf.dir/c_/mcux/SDK_2_16_000_EVK-MIMXRT1060/components/serial_manager/fsl_component_serial_manager.c.obj
 .text.SerialManager_AddTail
                0x000029d6       0x1c CMakeFiles/hello_world.elf.dir/c_/mcux/SDK_2_16_000_EVK-MIMXRT1060/components/serial_manager/fsl_component_serial_manager.c.obj
 .text.SerialManager_RemoveHead
                0x000029f2       0x16 CMakeFiles/hello_world.elf.dir/c_/mcux/SDK_2_16_000_EVK-MIMXRT1060/components/serial_manager/fsl_component_serial_manager.c.obj
 .text.SerialManager_SetLpConstraint
                0x00002a08       0x3c CMakeFiles/hello_world.elf.dir/c_/mcux/SDK_2_16_000_EVK-MIMXRT1060/components/serial_manager/fsl_component_serial_manager.c.obj
 .text.SerialManager_ReleaseLpConstraint
                0x00002a44       0x3c CMakeFiles/hello_world.elf.dir/c_/mcux/SDK_2_16_000_EVK-MIMXRT1060/components/serial_manager/fsl_component_serial_manager.c.obj
 .text.SerialManager_StartWriting
                0x00002a80       0x66 CMakeFiles/hello_world.elf.dir/c_/mcux/SDK_2_16_000_EVK-MIMXRT1060/components/serial_manager/fsl_component_serial_manager.c.obj
 .text.SerialManager_StartReading
                0x00002ae6       0x3e CMakeFiles/hello_world.elf.dir/c_/mcux/SDK_2_16_000_EVK-MIMXRT1060/components/serial_manager/fsl_component_serial_manager.c.obj
 .text.SerialManager_IsrFunction
                0x00002b24       0x32 CMakeFiles/hello_world.elf.dir/c_/mcux/SDK_2_16_000_EVK-MIMXRT1060/components/serial_manager/fsl_component_serial_manager.c.obj
 .text.SerialManager_Task
                0x00002b56       0xce CMakeFiles/hello_world.elf.dir/c_/mcux/SDK_2_16_000_EVK-MIMXRT1060/components/serial_manager/fsl_component_serial_manager.c.obj
 .text.SerialManager_TxCallback
                0x00002c24       0x7e CMakeFiles/hello_world.elf.dir/c_/mcux/SDK_2_16_000_EVK-MIMXRT1060/components/serial_manager/fsl_component_serial_manager.c.obj
 .text.SerialManager_RxCallback
                0x00002ca2      0x244 CMakeFiles/hello_world.elf.dir/c_/mcux/SDK_2_16_000_EVK-MIMXRT1060/components/serial_manager/fsl_component_serial_manager.c.obj
                0x00002ca2                SerialManager_RxCallback
 .text.SerialManager_WriteTimeDelay
                0x00002ee6       0x14 CMakeFiles/hello_world.elf.dir/c_/mcux/SDK_2_16_000_EVK-MIMXRT1060/components/serial_manager/fsl_component_serial_manager.c.obj
                0x00002ee6                SerialManager_WriteTimeDelay
 *fill*         0x00002efa        0x2 
 .text.SerialManager_Write
                0x00002efc      0x128 CMakeFiles/hello_world.elf.dir/c_/mcux/SDK_2_16_000_EVK-MIMXRT1060/components/serial_manager/fsl_component_serial_manager.c.obj
 .text.SerialManager_Init
                0x00003024       0xc4 CMakeFiles/hello_world.elf.dir/c_/mcux/SDK_2_16_000_EVK-MIMXRT1060/components/serial_manager/fsl_component_serial_manager.c.obj
                0x00003024                SerialManager_Init
 .text.SerialManager_OpenWriteHandle
                0x000030e8       0x70 CMakeFiles/hello_world.elf.dir/c_/mcux/SDK_2_16_000_EVK-MIMXRT1060/components/serial_manager/fsl_component_serial_manager.c.obj
                0x000030e8                SerialManager_OpenWriteHandle
 .text.SerialManager_OpenReadHandle
                0x00003158       0x80 CMakeFiles/hello_world.elf.dir/c_/mcux/SDK_2_16_000_EVK-MIMXRT1060/components/serial_manager/fsl_component_serial_manager.c.obj
                0x00003158                SerialManager_OpenReadHandle
 .text.SerialManager_WriteNonBlocking
                0x000031d8       0x22 CMakeFiles/hello_world.elf.dir/c_/mcux/SDK_2_16_000_EVK-MIMXRT1060/components/serial_manager/fsl_component_serial_manager.c.obj
                0x000031d8                SerialManager_WriteNonBlocking
 *fill*         0x000031fa        0x2 
 .text.SerialManager_InstallTxCallback
                0x000031fc       0x40 CMakeFiles/hello_world.elf.dir/c_/mcux/SDK_2_16_000_EVK-MIMXRT1060/components/serial_manager/fsl_component_serial_manager.c.obj
                0x000031fc                SerialManager_InstallTxCallback
 .text.SerialManager_InstallRxCallback
                0x0000323c       0x40 CMakeFiles/hello_world.elf.dir/c_/mcux/SDK_2_16_000_EVK-MIMXRT1060/components/serial_manager/fsl_component_serial_manager.c.obj
                0x0000323c                SerialManager_InstallRxCallback
 .text.__NVIC_EnableIRQ
                0x0000327c       0x3c CMakeFiles/hello_world.elf.dir/c_/mcux/SDK_2_16_000_EVK-MIMXRT1060/components/serial_manager/fsl_component_serial_port_usb.c.obj
 .text.__NVIC_SetPriority
                0x000032b8       0x54 CMakeFiles/hello_world.elf.dir/c_/mcux/SDK_2_16_000_EVK-MIMXRT1060/components/serial_manager/fsl_component_serial_port_usb.c.obj
 .text.EnableIRQ
                0x0000330c       0x32 CMakeFiles/hello_world.elf.dir/c_/mcux/SDK_2_16_000_EVK-MIMXRT1060/components/serial_manager/fsl_component_serial_port_usb.c.obj
 .text.DisableGlobalIRQ
                0x0000333e       0x22 CMakeFiles/hello_world.elf.dir/c_/mcux/SDK_2_16_000_EVK-MIMXRT1060/components/serial_manager/fsl_component_serial_port_usb.c.obj
 .text.EnableGlobalIRQ
                0x00003360       0x20 CMakeFiles/hello_world.elf.dir/c_/mcux/SDK_2_16_000_EVK-MIMXRT1060/components/serial_manager/fsl_component_serial_port_usb.c.obj
 .text.USB_DeviceGetInstanceFromDeviceHandle
                0x00003380       0x34 CMakeFiles/hello_world.elf.dir/c_/mcux/SDK_2_16_000_EVK-MIMXRT1060/components/serial_manager/fsl_component_serial_port_usb.c.obj
 .text.USB_DeviceGetInstanceFromClassHandle
                0x000033b4       0x34 CMakeFiles/hello_world.elf.dir/c_/mcux/SDK_2_16_000_EVK-MIMXRT1060/components/serial_manager/fsl_component_serial_port_usb.c.obj
 .text.USB_DeviceAddItem
                0x000033e8       0x60 CMakeFiles/hello_world.elf.dir/c_/mcux/SDK_2_16_000_EVK-MIMXRT1060/components/serial_manager/fsl_component_serial_port_usb.c.obj
 .text.USB_DeviceCdcVcomCallback
                0x00003448      0x3e4 CMakeFiles/hello_world.elf.dir/c_/mcux/SDK_2_16_000_EVK-MIMXRT1060/components/serial_manager/fsl_component_serial_port_usb.c.obj
 .text.USB_DeviceCallback
                0x0000382c      0x1c0 CMakeFiles/hello_world.elf.dir/c_/mcux/SDK_2_16_000_EVK-MIMXRT1060/components/serial_manager/fsl_component_serial_port_usb.c.obj
 .text.USB_OTG2_IRQHandler
                0x000039ec       0x3c CMakeFiles/hello_world.elf.dir/c_/mcux/SDK_2_16_000_EVK-MIMXRT1060/components/serial_manager/fsl_component_serial_port_usb.c.obj
                0x000039ec                USB_OTG2_IRQHandler
 .text.USB_OTG1_IRQHandler
                0x00003a28       0x3c CMakeFiles/hello_world.elf.dir/c_/mcux/SDK_2_16_000_EVK-MIMXRT1060/components/serial_manager/fsl_component_serial_port_usb.c.obj
                0x00003a28                USB_OTG1_IRQHandler
 .text.USB_DeviceIsrEnable
                0x00003a64       0x54 CMakeFiles/hello_world.elf.dir/c_/mcux/SDK_2_16_000_EVK-MIMXRT1060/components/serial_manager/fsl_component_serial_port_usb.c.obj
 .text.Serial_UsbCdcInit
                0x00003ab8       0x98 CMakeFiles/hello_world.elf.dir/c_/mcux/SDK_2_16_000_EVK-MIMXRT1060/components/serial_manager/fsl_component_serial_port_usb.c.obj
                0x00003ab8                Serial_UsbCdcInit
 .text.Serial_UsbCdcWrite
                0x00003b50       0x88 CMakeFiles/hello_world.elf.dir/c_/mcux/SDK_2_16_000_EVK-MIMXRT1060/components/serial_manager/fsl_component_serial_port_usb.c.obj
                0x00003b50                Serial_UsbCdcWrite
 .text.Serial_UsbCdcRead
                0x00003bd8       0xbc CMakeFiles/hello_world.elf.dir/c_/mcux/SDK_2_16_000_EVK-MIMXRT1060/components/serial_manager/fsl_component_serial_port_usb.c.obj
                0x00003bd8                Serial_UsbCdcRead
 .text.Serial_UsbCdcInstallTxCallback
                0x00003c94       0x30 CMakeFiles/hello_world.elf.dir/c_/mcux/SDK_2_16_000_EVK-MIMXRT1060/components/serial_manager/fsl_component_serial_port_usb.c.obj
                0x00003c94                Serial_UsbCdcInstallTxCallback
 .text.Serial_UsbCdcInstallRxCallback
                0x00003cc4       0x30 CMakeFiles/hello_world.elf.dir/c_/mcux/SDK_2_16_000_EVK-MIMXRT1060/components/serial_manager/fsl_component_serial_port_usb.c.obj
                0x00003cc4                Serial_UsbCdcInstallRxCallback
 .text.Serial_UsbCdcGetConnectedStatus
                0x00003cf4       0x16 CMakeFiles/hello_world.elf.dir/c_/mcux/SDK_2_16_000_EVK-MIMXRT1060/components/serial_manager/fsl_component_serial_port_usb.c.obj
                0x00003cf4                Serial_UsbCdcGetConnectedStatus
 .text.Serial_UsbCdcIsrFunction
                0x00003d0a       0x38 CMakeFiles/hello_world.elf.dir/c_/mcux/SDK_2_16_000_EVK-MIMXRT1060/components/serial_manager/fsl_component_serial_port_usb.c.obj
                0x00003d0a                Serial_UsbCdcIsrFunction
 *fill*         0x00003d42        0x2 
 .text.USB_DeviceGetDeviceDescriptor
                0x00003d44       0x28 CMakeFiles/hello_world.elf.dir/c_/mcux/SDK_2_16_000_EVK-MIMXRT1060/components/serial_manager/usb_cdc_adapter/usb_device_descriptor.c.obj
                0x00003d44                USB_DeviceGetDeviceDescriptor
 .text.USB_DeviceGetConfigurationDescriptor
                0x00003d6c       0x34 CMakeFiles/hello_world.elf.dir/c_/mcux/SDK_2_16_000_EVK-MIMXRT1060/components/serial_manager/usb_cdc_adapter/usb_device_descriptor.c.obj
                0x00003d6c                USB_DeviceGetConfigurationDescriptor
 .text.USB_DeviceGetStringDescriptor
                0x00003da0       0xc0 CMakeFiles/hello_world.elf.dir/c_/mcux/SDK_2_16_000_EVK-MIMXRT1060/components/serial_manager/usb_cdc_adapter/usb_device_descriptor.c.obj
                0x00003da0                USB_DeviceGetStringDescriptor
 .text.USB_DeviceSetSpeed
                0x00003e60      0x21c CMakeFiles/hello_world.elf.dir/c_/mcux/SDK_2_16_000_EVK-MIMXRT1060/components/serial_manager/usb_cdc_adapter/usb_device_descriptor.c.obj
                0x00003e60                USB_DeviceSetSpeed
 .text.SystemInit
                0x0000407c      0x138 CMakeFiles/hello_world.elf.dir/c_/mcux/SDK_2_16_000_EVK-MIMXRT1060/devices/MIMXRT1062/system_MIMXRT1062.c.obj
                0x0000407c                SystemInit
 .text.SystemCoreClockUpdate
                0x000041b4      0x20c CMakeFiles/hello_world.elf.dir/c_/mcux/SDK_2_16_000_EVK-MIMXRT1060/devices/MIMXRT1062/system_MIMXRT1062.c.obj
                0x000041b4                SystemCoreClockUpdate
 .text.SystemInitHook
                0x000043c0        0xe CMakeFiles/hello_world.elf.dir/c_/mcux/SDK_2_16_000_EVK-MIMXRT1060/devices/MIMXRT1062/system_MIMXRT1062.c.obj
                0x000043c0                SystemInitHook
 *fill*         0x000043ce        0x2 
 .text.CLOCK_InitExternalClk
                0x000043d0       0x78 CMakeFiles/hello_world.elf.dir/c_/mcux/SDK_2_16_000_EVK-MIMXRT1060/devices/MIMXRT1062/drivers/fsl_clock.c.obj
                0x000043d0                CLOCK_InitExternalClk
 .text.CLOCK_SwitchOsc
                0x00004448       0x34 CMakeFiles/hello_world.elf.dir/c_/mcux/SDK_2_16_000_EVK-MIMXRT1060/devices/MIMXRT1062/drivers/fsl_clock.c.obj
                0x00004448                CLOCK_SwitchOsc
 .text.CLOCK_InitRcOsc24M
                0x0000447c       0x24 CMakeFiles/hello_world.elf.dir/c_/mcux/SDK_2_16_000_EVK-MIMXRT1060/devices/MIMXRT1062/drivers/fsl_clock.c.obj
                0x0000447c                CLOCK_InitRcOsc24M
 .text.CLOCK_EnableUsbhs0Clock
                0x000044a0       0x7c CMakeFiles/hello_world.elf.dir/c_/mcux/SDK_2_16_000_EVK-MIMXRT1060/devices/MIMXRT1062/drivers/fsl_clock.c.obj
                0x000044a0                CLOCK_EnableUsbhs0Clock
 .text.CLOCK_EnableUsbhs0PhyPllClock
                0x0000451c       0x6c CMakeFiles/hello_world.elf.dir/c_/mcux/SDK_2_16_000_EVK-MIMXRT1060/devices/MIMXRT1062/drivers/fsl_clock.c.obj
                0x0000451c                CLOCK_EnableUsbhs0PhyPllClock
 .text.CLOCK_InitArmPll
                0x00004588       0x68 CMakeFiles/hello_world.elf.dir/c_/mcux/SDK_2_16_000_EVK-MIMXRT1060/devices/MIMXRT1062/drivers/fsl_clock.c.obj
                0x00004588                CLOCK_InitArmPll
 .text.CLOCK_InitSysPll
                0x000045f0       0x9c CMakeFiles/hello_world.elf.dir/c_/mcux/SDK_2_16_000_EVK-MIMXRT1060/devices/MIMXRT1062/drivers/fsl_clock.c.obj
                0x000045f0                CLOCK_InitSysPll
 .text.CLOCK_InitUsb1Pll
                0x0000468c       0x68 CMakeFiles/hello_world.elf.dir/c_/mcux/SDK_2_16_000_EVK-MIMXRT1060/devices/MIMXRT1062/drivers/fsl_clock.c.obj
                0x0000468c                CLOCK_InitUsb1Pll
 .text.CLOCK_DeinitUsb2Pll
                0x000046f4       0x18 CMakeFiles/hello_world.elf.dir/c_/mcux/SDK_2_16_000_EVK-MIMXRT1060/devices/MIMXRT1062/drivers/fsl_clock.c.obj
                0x000046f4                CLOCK_DeinitUsb2Pll
 .text.CLOCK_DeinitAudioPll
                0x0000470c       0x1c CMakeFiles/hello_world.elf.dir/c_/mcux/SDK_2_16_000_EVK-MIMXRT1060/devices/MIMXRT1062/drivers/fsl_clock.c.obj
                0x0000470c                CLOCK_DeinitAudioPll
 .text.CLOCK_DeinitEnetPll
                0x00004728       0x1c CMakeFiles/hello_world.elf.dir/c_/mcux/SDK_2_16_000_EVK-MIMXRT1060/devices/MIMXRT1062/drivers/fsl_clock.c.obj
                0x00004728                CLOCK_DeinitEnetPll
 .text.CLOCK_InitSysPfd
                0x00004744       0x64 CMakeFiles/hello_world.elf.dir/c_/mcux/SDK_2_16_000_EVK-MIMXRT1060/devices/MIMXRT1062/drivers/fsl_clock.c.obj
                0x00004744                CLOCK_InitSysPfd
 .text.CLOCK_InitUsb1Pfd
                0x000047a8       0x64 CMakeFiles/hello_world.elf.dir/c_/mcux/SDK_2_16_000_EVK-MIMXRT1060/devices/MIMXRT1062/drivers/fsl_clock.c.obj
                0x000047a8                CLOCK_InitUsb1Pfd
 .text.DelayLoop
                0x0000480c       0x20 CMakeFiles/hello_world.elf.dir/c_/mcux/SDK_2_16_000_EVK-MIMXRT1060/devices/MIMXRT1062/drivers/fsl_common_arm.c.obj
 .text.SDK_DelayAtLeastUs
                0x0000482c       0xa0 CMakeFiles/hello_world.elf.dir/c_/mcux/SDK_2_16_000_EVK-MIMXRT1060/devices/MIMXRT1062/drivers/fsl_common_arm.c.obj
                0x0000482c                SDK_DelayAtLeastUs
 .text._SDK_AtomicLocalClearAndSet4Byte
                0x000048cc       0x50 CMakeFiles/hello_world.elf.dir/c_/mcux/SDK_2_16_000_EVK-MIMXRT1060/devices/MIMXRT1062/drivers/fsl_gpio.c.obj
 .text.CLOCK_ControlGate
                0x0000491c       0x70 CMakeFiles/hello_world.elf.dir/c_/mcux/SDK_2_16_000_EVK-MIMXRT1060/devices/MIMXRT1062/drivers/fsl_gpio.c.obj
 .text.CLOCK_EnableClock
                0x0000498c       0x1e CMakeFiles/hello_world.elf.dir/c_/mcux/SDK_2_16_000_EVK-MIMXRT1060/devices/MIMXRT1062/drivers/fsl_gpio.c.obj
 .text.GPIO_SetPinInterruptConfig
                0x000049aa       0x22 CMakeFiles/hello_world.elf.dir/c_/mcux/SDK_2_16_000_EVK-MIMXRT1060/devices/MIMXRT1062/drivers/fsl_gpio.c.obj
 .text.GPIO_GetInstance
                0x000049cc       0x58 CMakeFiles/hello_world.elf.dir/c_/mcux/SDK_2_16_000_EVK-MIMXRT1060/devices/MIMXRT1062/drivers/fsl_gpio.c.obj
 .text.GPIO_PinInit
                0x00004a24       0xa4 CMakeFiles/hello_world.elf.dir/c_/mcux/SDK_2_16_000_EVK-MIMXRT1060/devices/MIMXRT1062/drivers/fsl_gpio.c.obj
                0x00004a24                GPIO_PinInit
 .text.GPIO_PinWrite
                0x00004ac8       0x54 CMakeFiles/hello_world.elf.dir/c_/mcux/SDK_2_16_000_EVK-MIMXRT1060/devices/MIMXRT1062/drivers/fsl_gpio.c.obj
                0x00004ac8                GPIO_PinWrite
 .text.GPIO_PinSetInterruptConfig
                0x00004b1c       0xfc CMakeFiles/hello_world.elf.dir/c_/mcux/SDK_2_16_000_EVK-MIMXRT1060/devices/MIMXRT1062/drivers/fsl_gpio.c.obj
                0x00004b1c                GPIO_PinSetInterruptConfig
 .text._SDK_AtomicLocalClearAndSet4Byte
                0x00004c18       0x50 CMakeFiles/hello_world.elf.dir/c_/mcux/SDK_2_16_000_EVK-MIMXRT1060/devices/MIMXRT1062/drivers/fsl_lpi2c.c.obj
 .text.CLOCK_ControlGate
                0x00004c68       0x70 CMakeFiles/hello_world.elf.dir/c_/mcux/SDK_2_16_000_EVK-MIMXRT1060/devices/MIMXRT1062/drivers/fsl_lpi2c.c.obj
 .text.CLOCK_EnableClock
                0x00004cd8       0x1e CMakeFiles/hello_world.elf.dir/c_/mcux/SDK_2_16_000_EVK-MIMXRT1060/devices/MIMXRT1062/drivers/fsl_lpi2c.c.obj
 .text.LPI2C_MasterReset
                0x00004cf6       0x20 CMakeFiles/hello_world.elf.dir/c_/mcux/SDK_2_16_000_EVK-MIMXRT1060/devices/MIMXRT1062/drivers/fsl_lpi2c.c.obj
 .text.LPI2C_MasterEnable
                0x00004d16       0x28 CMakeFiles/hello_world.elf.dir/c_/mcux/SDK_2_16_000_EVK-MIMXRT1060/devices/MIMXRT1062/drivers/fsl_lpi2c.c.obj
 .text.LPI2C_MasterGetStatusFlags
                0x00004d3e       0x18 CMakeFiles/hello_world.elf.dir/c_/mcux/SDK_2_16_000_EVK-MIMXRT1060/devices/MIMXRT1062/drivers/fsl_lpi2c.c.obj
 .text.LPI2C_MasterClearStatusFlags
                0x00004d56       0x1c CMakeFiles/hello_world.elf.dir/c_/mcux/SDK_2_16_000_EVK-MIMXRT1060/devices/MIMXRT1062/drivers/fsl_lpi2c.c.obj
 .text.LPI2C_MasterSetWatermarks
                0x00004d72       0x2c CMakeFiles/hello_world.elf.dir/c_/mcux/SDK_2_16_000_EVK-MIMXRT1060/devices/MIMXRT1062/drivers/fsl_lpi2c.c.obj
 .text.LPI2C_MasterGetFifoCounts
                0x00004d9e       0x3e CMakeFiles/hello_world.elf.dir/c_/mcux/SDK_2_16_000_EVK-MIMXRT1060/devices/MIMXRT1062/drivers/fsl_lpi2c.c.obj
 .text.LPI2C_SlaveEnable
                0x00004ddc       0x2c CMakeFiles/hello_world.elf.dir/c_/mcux/SDK_2_16_000_EVK-MIMXRT1060/devices/MIMXRT1062/drivers/fsl_lpi2c.c.obj
 .text.LPI2C_GetInstance
                0x00004e08       0x58 CMakeFiles/hello_world.elf.dir/c_/mcux/SDK_2_16_000_EVK-MIMXRT1060/devices/MIMXRT1062/drivers/fsl_lpi2c.c.obj
                0x00004e08                LPI2C_GetInstance
 .text.LPI2C_GetCyclesForWidth
                0x00004e60       0xa8 CMakeFiles/hello_world.elf.dir/c_/mcux/SDK_2_16_000_EVK-MIMXRT1060/devices/MIMXRT1062/drivers/fsl_lpi2c.c.obj
 .text.LPI2C_MasterCheckAndClearError
                0x00004f08       0x9c CMakeFiles/hello_world.elf.dir/c_/mcux/SDK_2_16_000_EVK-MIMXRT1060/devices/MIMXRT1062/drivers/fsl_lpi2c.c.obj
                0x00004f08                LPI2C_MasterCheckAndClearError
 .text.LPI2C_MasterWaitForTxReady
                0x00004fa4       0x52 CMakeFiles/hello_world.elf.dir/c_/mcux/SDK_2_16_000_EVK-MIMXRT1060/devices/MIMXRT1062/drivers/fsl_lpi2c.c.obj
 .text.LPI2C_CheckForBusyBus
                0x00004ff6       0x38 CMakeFiles/hello_world.elf.dir/c_/mcux/SDK_2_16_000_EVK-MIMXRT1060/devices/MIMXRT1062/drivers/fsl_lpi2c.c.obj
                0x00004ff6                LPI2C_CheckForBusyBus
 *fill*         0x0000502e        0x2 
 .text.LPI2C_MasterGetDefaultConfig
                0x00005030       0x6c CMakeFiles/hello_world.elf.dir/c_/mcux/SDK_2_16_000_EVK-MIMXRT1060/devices/MIMXRT1062/drivers/fsl_lpi2c.c.obj
                0x00005030                LPI2C_MasterGetDefaultConfig
 .text.LPI2C_MasterInit
                0x0000509c      0x1dc CMakeFiles/hello_world.elf.dir/c_/mcux/SDK_2_16_000_EVK-MIMXRT1060/devices/MIMXRT1062/drivers/fsl_lpi2c.c.obj
                0x0000509c                LPI2C_MasterInit
 .text.LPI2C_MasterSetBaudRate
                0x00005278      0x2c4 CMakeFiles/hello_world.elf.dir/c_/mcux/SDK_2_16_000_EVK-MIMXRT1060/devices/MIMXRT1062/drivers/fsl_lpi2c.c.obj
                0x00005278                LPI2C_MasterSetBaudRate
 .text.LPI2C_MasterStop
                0x0000553c       0x62 CMakeFiles/hello_world.elf.dir/c_/mcux/SDK_2_16_000_EVK-MIMXRT1060/devices/MIMXRT1062/drivers/fsl_lpi2c.c.obj
                0x0000553c                LPI2C_MasterStop
 *fill*         0x0000559e        0x2 
 .text.LPI2C_MasterReceive
                0x000055a0       0xe8 CMakeFiles/hello_world.elf.dir/c_/mcux/SDK_2_16_000_EVK-MIMXRT1060/devices/MIMXRT1062/drivers/fsl_lpi2c.c.obj
                0x000055a0                LPI2C_MasterReceive
 .text.LPI2C_MasterSend
                0x00005688       0x68 CMakeFiles/hello_world.elf.dir/c_/mcux/SDK_2_16_000_EVK-MIMXRT1060/devices/MIMXRT1062/drivers/fsl_lpi2c.c.obj
                0x00005688                LPI2C_MasterSend
 .text.LPI2C_MasterTransferBlocking
                0x000056f0      0x210 CMakeFiles/hello_world.elf.dir/c_/mcux/SDK_2_16_000_EVK-MIMXRT1060/devices/MIMXRT1062/drivers/fsl_lpi2c.c.obj
                0x000056f0                LPI2C_MasterTransferBlocking
 .text.LPI2C_CommonIRQHandler
                0x00005900       0x78 CMakeFiles/hello_world.elf.dir/c_/mcux/SDK_2_16_000_EVK-MIMXRT1060/devices/MIMXRT1062/drivers/fsl_lpi2c.c.obj
 .text.LPI2C1_DriverIRQHandler
                0x00005978       0x14 CMakeFiles/hello_world.elf.dir/c_/mcux/SDK_2_16_000_EVK-MIMXRT1060/devices/MIMXRT1062/drivers/fsl_lpi2c.c.obj
                0x00005978                LPI2C1_DriverIRQHandler
 .text.LPI2C2_DriverIRQHandler
                0x0000598c       0x14 CMakeFiles/hello_world.elf.dir/c_/mcux/SDK_2_16_000_EVK-MIMXRT1060/devices/MIMXRT1062/drivers/fsl_lpi2c.c.obj
                0x0000598c                LPI2C2_DriverIRQHandler
 .text.LPI2C3_DriverIRQHandler
                0x000059a0       0x14 CMakeFiles/hello_world.elf.dir/c_/mcux/SDK_2_16_000_EVK-MIMXRT1060/devices/MIMXRT1062/drivers/fsl_lpi2c.c.obj
                0x000059a0                LPI2C3_DriverIRQHandler
 .text.LPI2C4_DriverIRQHandler
                0x000059b4       0x14 CMakeFiles/hello_world.elf.dir/c_/mcux/SDK_2_16_000_EVK-MIMXRT1060/devices/MIMXRT1062/drivers/fsl_lpi2c.c.obj
                0x000059b4                LPI2C4_DriverIRQHandler
 .text._SDK_AtomicLocalClearAndSet4Byte
                0x000059c8       0x50 CMakeFiles/hello_world.elf.dir/c_/mcux/SDK_2_16_000_EVK-MIMXRT1060/devices/MIMXRT1062/drivers/fsl_lpspi.c.obj
 .text.CLOCK_ControlGate
                0x00005a18       0x70 CMakeFiles/hello_world.elf.dir/c_/mcux/SDK_2_16_000_EVK-MIMXRT1060/devices/MIMXRT1062/drivers/fsl_lpspi.c.obj
 .text.CLOCK_EnableClock
                0x00005a88       0x1e CMakeFiles/hello_world.elf.dir/c_/mcux/SDK_2_16_000_EVK-MIMXRT1060/devices/MIMXRT1062/drivers/fsl_lpspi.c.obj
 .text.LPSPI_Enable
                0x00005aa6       0x38 CMakeFiles/hello_world.elf.dir/c_/mcux/SDK_2_16_000_EVK-MIMXRT1060/devices/MIMXRT1062/drivers/fsl_lpspi.c.obj
 .text.LPSPI_GetStatusFlags
                0x00005ade       0x18 CMakeFiles/hello_world.elf.dir/c_/mcux/SDK_2_16_000_EVK-MIMXRT1060/devices/MIMXRT1062/drivers/fsl_lpspi.c.obj
 .text.LPSPI_GetRxFifoSize
                0x00005af6       0x24 CMakeFiles/hello_world.elf.dir/c_/mcux/SDK_2_16_000_EVK-MIMXRT1060/devices/MIMXRT1062/drivers/fsl_lpspi.c.obj
 .text.LPSPI_GetTxFifoCount
                0x00005b1a       0x1c CMakeFiles/hello_world.elf.dir/c_/mcux/SDK_2_16_000_EVK-MIMXRT1060/devices/MIMXRT1062/drivers/fsl_lpspi.c.obj
 .text.LPSPI_GetRxFifoCount
                0x00005b36       0x1e CMakeFiles/hello_world.elf.dir/c_/mcux/SDK_2_16_000_EVK-MIMXRT1060/devices/MIMXRT1062/drivers/fsl_lpspi.c.obj
 .text.LPSPI_ClearStatusFlags
                0x00005b54       0x1c CMakeFiles/hello_world.elf.dir/c_/mcux/SDK_2_16_000_EVK-MIMXRT1060/devices/MIMXRT1062/drivers/fsl_lpspi.c.obj
 .text.LPSPI_SetMasterSlaveMode
                0x00005b70       0x2c CMakeFiles/hello_world.elf.dir/c_/mcux/SDK_2_16_000_EVK-MIMXRT1060/devices/MIMXRT1062/drivers/fsl_lpspi.c.obj
 .text.LPSPI_IsMaster
                0x00005b9c       0x26 CMakeFiles/hello_world.elf.dir/c_/mcux/SDK_2_16_000_EVK-MIMXRT1060/devices/MIMXRT1062/drivers/fsl_lpspi.c.obj
 .text.LPSPI_FlushFifo
                0x00005bc2       0x30 CMakeFiles/hello_world.elf.dir/c_/mcux/SDK_2_16_000_EVK-MIMXRT1060/devices/MIMXRT1062/drivers/fsl_lpspi.c.obj
 .text.LPSPI_SetFifoWatermarks
                0x00005bf2       0x2c CMakeFiles/hello_world.elf.dir/c_/mcux/SDK_2_16_000_EVK-MIMXRT1060/devices/MIMXRT1062/drivers/fsl_lpspi.c.obj
 .text.LPSPI_WriteData
                0x00005c1e       0x1c CMakeFiles/hello_world.elf.dir/c_/mcux/SDK_2_16_000_EVK-MIMXRT1060/devices/MIMXRT1062/drivers/fsl_lpspi.c.obj
 .text.LPSPI_ReadData
                0x00005c3a       0x18 CMakeFiles/hello_world.elf.dir/c_/mcux/SDK_2_16_000_EVK-MIMXRT1060/devices/MIMXRT1062/drivers/fsl_lpspi.c.obj
 *fill*         0x00005c52        0x2 
 .text.LPSPI_GetInstance
                0x00005c54       0x5c CMakeFiles/hello_world.elf.dir/c_/mcux/SDK_2_16_000_EVK-MIMXRT1060/devices/MIMXRT1062/drivers/fsl_lpspi.c.obj
                0x00005c54                LPSPI_GetInstance
 .text.LPSPI_SetDummyData
                0x00005cb0       0x2c CMakeFiles/hello_world.elf.dir/c_/mcux/SDK_2_16_000_EVK-MIMXRT1060/devices/MIMXRT1062/drivers/fsl_lpspi.c.obj
                0x00005cb0                LPSPI_SetDummyData
 .text.LPSPI_MasterInit
                0x00005cdc      0x180 CMakeFiles/hello_world.elf.dir/c_/mcux/SDK_2_16_000_EVK-MIMXRT1060/devices/MIMXRT1062/drivers/fsl_lpspi.c.obj
                0x00005cdc                LPSPI_MasterInit
 .text.LPSPI_MasterGetDefaultConfig
                0x00005e5c       0xb0 CMakeFiles/hello_world.elf.dir/c_/mcux/SDK_2_16_000_EVK-MIMXRT1060/devices/MIMXRT1062/drivers/fsl_lpspi.c.obj
                0x00005e5c                LPSPI_MasterGetDefaultConfig
 .text.LPSPI_SetOnePcsPolarity
                0x00005f0c       0x44 CMakeFiles/hello_world.elf.dir/c_/mcux/SDK_2_16_000_EVK-MIMXRT1060/devices/MIMXRT1062/drivers/fsl_lpspi.c.obj
 .text.LPSPI_MasterSetBaudRate
                0x00005f50      0x108 CMakeFiles/hello_world.elf.dir/c_/mcux/SDK_2_16_000_EVK-MIMXRT1060/devices/MIMXRT1062/drivers/fsl_lpspi.c.obj
                0x00005f50                LPSPI_MasterSetBaudRate
 .text.LPSPI_MasterSetDelayScaler
                0x00006058       0x88 CMakeFiles/hello_world.elf.dir/c_/mcux/SDK_2_16_000_EVK-MIMXRT1060/devices/MIMXRT1062/drivers/fsl_lpspi.c.obj
                0x00006058                LPSPI_MasterSetDelayScaler
 .text.LPSPI_MasterSetDelayTimes
                0x000060e0      0x284 CMakeFiles/hello_world.elf.dir/c_/mcux/SDK_2_16_000_EVK-MIMXRT1060/devices/MIMXRT1062/drivers/fsl_lpspi.c.obj
                0x000060e0                LPSPI_MasterSetDelayTimes
 .text.LPSPI_CheckTransferArgument
                0x00006364      0x100 CMakeFiles/hello_world.elf.dir/c_/mcux/SDK_2_16_000_EVK-MIMXRT1060/devices/MIMXRT1062/drivers/fsl_lpspi.c.obj
                0x00006364                LPSPI_CheckTransferArgument
 .text.LPSPI_MasterTransferWriteAllTxData
                0x00006464      0x1fc CMakeFiles/hello_world.elf.dir/c_/mcux/SDK_2_16_000_EVK-MIMXRT1060/devices/MIMXRT1062/drivers/fsl_lpspi.c.obj
 .text.LPSPI_MasterTransferClearTCR
                0x00006660       0x36 CMakeFiles/hello_world.elf.dir/c_/mcux/SDK_2_16_000_EVK-MIMXRT1060/devices/MIMXRT1062/drivers/fsl_lpspi.c.obj
 .text.LPSPI_MasterTransferReadDataInFifo
                0x00006696       0x88 CMakeFiles/hello_world.elf.dir/c_/mcux/SDK_2_16_000_EVK-MIMXRT1060/devices/MIMXRT1062/drivers/fsl_lpspi.c.obj
 .text.LPSPI_MasterTransferReadDataInFifoNoBuf
                0x0000671e       0x26 CMakeFiles/hello_world.elf.dir/c_/mcux/SDK_2_16_000_EVK-MIMXRT1060/devices/MIMXRT1062/drivers/fsl_lpspi.c.obj
 .text.LPSPI_MasterTransferBlocking
                0x00006744      0x254 CMakeFiles/hello_world.elf.dir/c_/mcux/SDK_2_16_000_EVK-MIMXRT1060/devices/MIMXRT1062/drivers/fsl_lpspi.c.obj
                0x00006744                LPSPI_MasterTransferBlocking
 .text.LPSPI_CombineWriteData
                0x00006998      0x1d4 CMakeFiles/hello_world.elf.dir/c_/mcux/SDK_2_16_000_EVK-MIMXRT1060/devices/MIMXRT1062/drivers/fsl_lpspi.c.obj
 .text.LPSPI_SeparateReadData
                0x00006b6c      0x1c8 CMakeFiles/hello_world.elf.dir/c_/mcux/SDK_2_16_000_EVK-MIMXRT1060/devices/MIMXRT1062/drivers/fsl_lpspi.c.obj
 .text.LPSPI_WaitTxFifoEmpty
                0x00006d34       0x22 CMakeFiles/hello_world.elf.dir/c_/mcux/SDK_2_16_000_EVK-MIMXRT1060/devices/MIMXRT1062/drivers/fsl_lpspi.c.obj
                0x00006d34                LPSPI_WaitTxFifoEmpty
 *fill*         0x00006d56        0x2 
 .text.LPSPI_CommonIRQHandler
                0x00006d58       0x44 CMakeFiles/hello_world.elf.dir/c_/mcux/SDK_2_16_000_EVK-MIMXRT1060/devices/MIMXRT1062/drivers/fsl_lpspi.c.obj
 .text.LPSPI1_DriverIRQHandler
                0x00006d9c       0x40 CMakeFiles/hello_world.elf.dir/c_/mcux/SDK_2_16_000_EVK-MIMXRT1060/devices/MIMXRT1062/drivers/fsl_lpspi.c.obj
                0x00006d9c                LPSPI1_DriverIRQHandler
 .text.LPSPI2_DriverIRQHandler
                0x00006ddc       0x40 CMakeFiles/hello_world.elf.dir/c_/mcux/SDK_2_16_000_EVK-MIMXRT1060/devices/MIMXRT1062/drivers/fsl_lpspi.c.obj
                0x00006ddc                LPSPI2_DriverIRQHandler
 .text.LPSPI3_DriverIRQHandler
                0x00006e1c       0x40 CMakeFiles/hello_world.elf.dir/c_/mcux/SDK_2_16_000_EVK-MIMXRT1060/devices/MIMXRT1062/drivers/fsl_lpspi.c.obj
                0x00006e1c                LPSPI3_DriverIRQHandler
 .text.LPSPI4_DriverIRQHandler
                0x00006e5c       0x40 CMakeFiles/hello_world.elf.dir/c_/mcux/SDK_2_16_000_EVK-MIMXRT1060/devices/MIMXRT1062/drivers/fsl_lpspi.c.obj
                0x00006e5c                LPSPI4_DriverIRQHandler
 .text.USB_DeviceCdcAcmAllocateHandle
                0x00006e9c       0x58 CMakeFiles/hello_world.elf.dir/c_/mcux/SDK_2_16_000_EVK-MIMXRT1060/middleware/usb/output/source/device/class/usb_device_cdc_acm.c.obj
 .text.USB_DeviceCdcAcmFreeHandle
                0x00006ef4       0x32 CMakeFiles/hello_world.elf.dir/c_/mcux/SDK_2_16_000_EVK-MIMXRT1060/middleware/usb/output/source/device/class/usb_device_cdc_acm.c.obj
 .text.USB_DeviceCdcAcmInterruptIn
                0x00006f26       0x54 CMakeFiles/hello_world.elf.dir/c_/mcux/SDK_2_16_000_EVK-MIMXRT1060/middleware/usb/output/source/device/class/usb_device_cdc_acm.c.obj
 .text.USB_DeviceCdcAcmBulkIn
                0x00006f7a       0x54 CMakeFiles/hello_world.elf.dir/c_/mcux/SDK_2_16_000_EVK-MIMXRT1060/middleware/usb/output/source/device/class/usb_device_cdc_acm.c.obj
 .text.USB_DeviceCdcAcmBulkOut
                0x00006fce       0x54 CMakeFiles/hello_world.elf.dir/c_/mcux/SDK_2_16_000_EVK-MIMXRT1060/middleware/usb/output/source/device/class/usb_device_cdc_acm.c.obj
 *fill*         0x00007022        0x2 
 .text.USB_DeviceCdcAcmEndpointsInit
                0x00007024      0x3b8 CMakeFiles/hello_world.elf.dir/c_/mcux/SDK_2_16_000_EVK-MIMXRT1060/middleware/usb/output/source/device/class/usb_device_cdc_acm.c.obj
 .text.USB_DeviceCdcAcmEndpointsDeinit
                0x000073dc       0xae CMakeFiles/hello_world.elf.dir/c_/mcux/SDK_2_16_000_EVK-MIMXRT1060/middleware/usb/output/source/device/class/usb_device_cdc_acm.c.obj
 *fill*         0x0000748a        0x2 
 .text.USB_DeviceCdcAcmEvent
                0x0000748c      0x718 CMakeFiles/hello_world.elf.dir/c_/mcux/SDK_2_16_000_EVK-MIMXRT1060/middleware/usb/output/source/device/class/usb_device_cdc_acm.c.obj
                0x0000748c                USB_DeviceCdcAcmEvent
 .text.USB_DeviceCdcAcmInit
                0x00007ba4       0xaa CMakeFiles/hello_world.elf.dir/c_/mcux/SDK_2_16_000_EVK-MIMXRT1060/middleware/usb/output/source/device/class/usb_device_cdc_acm.c.obj
                0x00007ba4                USB_DeviceCdcAcmInit
 .text.USB_DeviceCdcAcmDeinit
                0x00007c4e       0x4e CMakeFiles/hello_world.elf.dir/c_/mcux/SDK_2_16_000_EVK-MIMXRT1060/middleware/usb/output/source/device/class/usb_device_cdc_acm.c.obj
                0x00007c4e                USB_DeviceCdcAcmDeinit
 .text.USB_DeviceCdcAcmSend
                0x00007c9c       0xa4 CMakeFiles/hello_world.elf.dir/c_/mcux/SDK_2_16_000_EVK-MIMXRT1060/middleware/usb/output/source/device/class/usb_device_cdc_acm.c.obj
                0x00007c9c                USB_DeviceCdcAcmSend
 .text.USB_DeviceCdcAcmRecv
                0x00007d40       0x78 CMakeFiles/hello_world.elf.dir/c_/mcux/SDK_2_16_000_EVK-MIMXRT1060/middleware/usb/output/source/device/class/usb_device_cdc_acm.c.obj
                0x00007d40                USB_DeviceCdcAcmRecv
 .text.USB_DeviceAllocateHandle
                0x00007db8       0xd8 CMakeFiles/hello_world.elf.dir/c_/mcux/SDK_2_16_000_EVK-MIMXRT1060/middleware/usb/device/usb_device_dci.c.obj
 .text.USB_DeviceFreeHandle
                0x00007e90       0x36 CMakeFiles/hello_world.elf.dir/c_/mcux/SDK_2_16_000_EVK-MIMXRT1060/middleware/usb/device/usb_device_dci.c.obj
 *fill*         0x00007ec6        0x2 
 .text.USB_DeviceGetControllerInterface
                0x00007ec8       0x3c CMakeFiles/hello_world.elf.dir/c_/mcux/SDK_2_16_000_EVK-MIMXRT1060/middleware/usb/device/usb_device_dci.c.obj
 .text.USB_DeviceTransfer
                0x00007f04      0x124 CMakeFiles/hello_world.elf.dir/c_/mcux/SDK_2_16_000_EVK-MIMXRT1060/middleware/usb/device/usb_device_dci.c.obj
 .text.USB_DeviceControl
                0x00008028       0x4c CMakeFiles/hello_world.elf.dir/c_/mcux/SDK_2_16_000_EVK-MIMXRT1060/middleware/usb/device/usb_device_dci.c.obj
 .text.USB_DeviceResetNotification
                0x00008074       0x98 CMakeFiles/hello_world.elf.dir/c_/mcux/SDK_2_16_000_EVK-MIMXRT1060/middleware/usb/device/usb_device_dci.c.obj
 .text.USB_DeviceNotification
                0x0000810c      0x102 CMakeFiles/hello_world.elf.dir/c_/mcux/SDK_2_16_000_EVK-MIMXRT1060/middleware/usb/device/usb_device_dci.c.obj
 .text.USB_DeviceNotificationTrigger
                0x0000820e       0x40 CMakeFiles/hello_world.elf.dir/c_/mcux/SDK_2_16_000_EVK-MIMXRT1060/middleware/usb/device/usb_device_dci.c.obj
                0x0000820e                USB_DeviceNotificationTrigger
 .text.USB_DeviceInit
                0x0000824e      0x16a CMakeFiles/hello_world.elf.dir/c_/mcux/SDK_2_16_000_EVK-MIMXRT1060/middleware/usb/device/usb_device_dci.c.obj
                0x0000824e                USB_DeviceInit
 .text.USB_DeviceRun
                0x000083b8       0x1c CMakeFiles/hello_world.elf.dir/c_/mcux/SDK_2_16_000_EVK-MIMXRT1060/middleware/usb/device/usb_device_dci.c.obj
                0x000083b8                USB_DeviceRun
 .text.USB_DeviceDeinit
                0x000083d4       0x42 CMakeFiles/hello_world.elf.dir/c_/mcux/SDK_2_16_000_EVK-MIMXRT1060/middleware/usb/device/usb_device_dci.c.obj
                0x000083d4                USB_DeviceDeinit
 .text.USB_DeviceSendRequest
                0x00008416       0x32 CMakeFiles/hello_world.elf.dir/c_/mcux/SDK_2_16_000_EVK-MIMXRT1060/middleware/usb/device/usb_device_dci.c.obj
                0x00008416                USB_DeviceSendRequest
 .text.USB_DeviceRecvRequest
                0x00008448       0x2c CMakeFiles/hello_world.elf.dir/c_/mcux/SDK_2_16_000_EVK-MIMXRT1060/middleware/usb/device/usb_device_dci.c.obj
                0x00008448                USB_DeviceRecvRequest
 .text.USB_DeviceInitEndpoint
                0x00008474       0xbe CMakeFiles/hello_world.elf.dir/c_/mcux/SDK_2_16_000_EVK-MIMXRT1060/middleware/usb/device/usb_device_dci.c.obj
                0x00008474                USB_DeviceInitEndpoint
 .text.USB_DeviceDeinitEndpoint
                0x00008532       0xac CMakeFiles/hello_world.elf.dir/c_/mcux/SDK_2_16_000_EVK-MIMXRT1060/middleware/usb/device/usb_device_dci.c.obj
                0x00008532                USB_DeviceDeinitEndpoint
 .text.USB_DeviceStallEndpoint
                0x000085de       0x30 CMakeFiles/hello_world.elf.dir/c_/mcux/SDK_2_16_000_EVK-MIMXRT1060/middleware/usb/device/usb_device_dci.c.obj
                0x000085de                USB_DeviceStallEndpoint
 .text.USB_DeviceUnstallEndpoint
                0x0000860e       0x30 CMakeFiles/hello_world.elf.dir/c_/mcux/SDK_2_16_000_EVK-MIMXRT1060/middleware/usb/device/usb_device_dci.c.obj
                0x0000860e                USB_DeviceUnstallEndpoint
 *fill*         0x0000863e        0x2 
 .text.USB_DeviceGetStatus
                0x00008640       0xcc CMakeFiles/hello_world.elf.dir/c_/mcux/SDK_2_16_000_EVK-MIMXRT1060/middleware/usb/device/usb_device_dci.c.obj
                0x00008640                USB_DeviceGetStatus
 .text.USB_DeviceSetStatus
                0x0000870c      0x118 CMakeFiles/hello_world.elf.dir/c_/mcux/SDK_2_16_000_EVK-MIMXRT1060/middleware/usb/device/usb_device_dci.c.obj
                0x0000870c                USB_DeviceSetStatus
 .text.USB_DeviceEhciSetDefaultState
                0x00008824      0x132 CMakeFiles/hello_world.elf.dir/c_/mcux/SDK_2_16_000_EVK-MIMXRT1060/middleware/usb/device/usb_device_ehci.c.obj
 .text.USB_DeviceEhciEndpointInit
                0x00008956      0x204 CMakeFiles/hello_world.elf.dir/c_/mcux/SDK_2_16_000_EVK-MIMXRT1060/middleware/usb/device/usb_device_ehci.c.obj
 .text.USB_DeviceEhciEndpointDeinit
                0x00008b5a       0xf6 CMakeFiles/hello_world.elf.dir/c_/mcux/SDK_2_16_000_EVK-MIMXRT1060/middleware/usb/device/usb_device_ehci.c.obj
 .text.USB_DeviceEhciEndpointStall
                0x00008c50       0x8a CMakeFiles/hello_world.elf.dir/c_/mcux/SDK_2_16_000_EVK-MIMXRT1060/middleware/usb/device/usb_device_ehci.c.obj
 .text.USB_DeviceEhciEndpointUnstall
                0x00008cda       0xba CMakeFiles/hello_world.elf.dir/c_/mcux/SDK_2_16_000_EVK-MIMXRT1060/middleware/usb/device/usb_device_ehci.c.obj
 .text.USB_DeviceEhciFillSetupBuffer
                0x00008d94       0xa6 CMakeFiles/hello_world.elf.dir/c_/mcux/SDK_2_16_000_EVK-MIMXRT1060/middleware/usb/device/usb_device_ehci.c.obj
 *fill*         0x00008e3a        0x2 
 .text.USB_DeviceEhciCancelControlPipe
                0x00008e3c      0x1dc CMakeFiles/hello_world.elf.dir/c_/mcux/SDK_2_16_000_EVK-MIMXRT1060/middleware/usb/device/usb_device_ehci.c.obj
 .text.USB_DeviceEhciInterruptTokenDone
                0x00009018      0x428 CMakeFiles/hello_world.elf.dir/c_/mcux/SDK_2_16_000_EVK-MIMXRT1060/middleware/usb/device/usb_device_ehci.c.obj
 .text.USB_DeviceEhciInterruptPortChange
                0x00009440       0x70 CMakeFiles/hello_world.elf.dir/c_/mcux/SDK_2_16_000_EVK-MIMXRT1060/middleware/usb/device/usb_device_ehci.c.obj
 .text.USB_DeviceEhciInterruptReset
                0x000094b0       0x8e CMakeFiles/hello_world.elf.dir/c_/mcux/SDK_2_16_000_EVK-MIMXRT1060/middleware/usb/device/usb_device_ehci.c.obj
 *fill*         0x0000953e        0x2 
 .text.USB_DeviceEhciTransfer
                0x00009540      0x3b8 CMakeFiles/hello_world.elf.dir/c_/mcux/SDK_2_16_000_EVK-MIMXRT1060/middleware/usb/device/usb_device_ehci.c.obj
 .text.USB_EhciGetValidEhciState
                0x000098f8       0x58 CMakeFiles/hello_world.elf.dir/c_/mcux/SDK_2_16_000_EVK-MIMXRT1060/middleware/usb/device/usb_device_ehci.c.obj
 .text.USB_DeviceEhciNotification
                0x00009950       0x28 CMakeFiles/hello_world.elf.dir/c_/mcux/SDK_2_16_000_EVK-MIMXRT1060/middleware/usb/device/usb_device_ehci.c.obj
 .text.USB_DeviceEhciInit
                0x00009978      0x11c CMakeFiles/hello_world.elf.dir/c_/mcux/SDK_2_16_000_EVK-MIMXRT1060/middleware/usb/device/usb_device_ehci.c.obj
                0x00009978                USB_DeviceEhciInit
 .text.USB_DeviceEhciDeinit
                0x00009a94       0x8c CMakeFiles/hello_world.elf.dir/c_/mcux/SDK_2_16_000_EVK-MIMXRT1060/middleware/usb/device/usb_device_ehci.c.obj
                0x00009a94                USB_DeviceEhciDeinit
 .text.USB_DeviceEhciSend
                0x00009b20       0x32 CMakeFiles/hello_world.elf.dir/c_/mcux/SDK_2_16_000_EVK-MIMXRT1060/middleware/usb/device/usb_device_ehci.c.obj
                0x00009b20                USB_DeviceEhciSend
 .text.USB_DeviceEhciRecv
                0x00009b52       0x2c CMakeFiles/hello_world.elf.dir/c_/mcux/SDK_2_16_000_EVK-MIMXRT1060/middleware/usb/device/usb_device_ehci.c.obj
                0x00009b52                USB_DeviceEhciRecv
 *fill*         0x00009b7e        0x2 
 .text.USB_DeviceEhciCancel
                0x00009b80      0x22c CMakeFiles/hello_world.elf.dir/c_/mcux/SDK_2_16_000_EVK-MIMXRT1060/middleware/usb/device/usb_device_ehci.c.obj
                0x00009b80                USB_DeviceEhciCancel
 .text.USB_DeviceEhciControl
                0x00009dac      0x298 CMakeFiles/hello_world.elf.dir/c_/mcux/SDK_2_16_000_EVK-MIMXRT1060/middleware/usb/device/usb_device_ehci.c.obj
                0x00009dac                USB_DeviceEhciControl
 .text.USB_DeviceEhciIsrFunction
                0x0000a044       0x74 CMakeFiles/hello_world.elf.dir/c_/mcux/SDK_2_16_000_EVK-MIMXRT1060/middleware/usb/device/usb_device_ehci.c.obj
                0x0000a044                USB_DeviceEhciIsrFunction
 .text.USB_DeviceClassAllocateHandle
                0x0000a0b8       0xcc CMakeFiles/hello_world.elf.dir/c_/mcux/SDK_2_16_000_EVK-MIMXRT1060/middleware/usb/output/source/device/class/usb_device_class.c.obj
 .text.USB_DeviceClassFreeHandle
                0x0000a184       0x94 CMakeFiles/hello_world.elf.dir/c_/mcux/SDK_2_16_000_EVK-MIMXRT1060/middleware/usb/output/source/device/class/usb_device_class.c.obj
 .text.USB_DeviceClassGetHandleByControllerId
                0x0000a218       0x7c CMakeFiles/hello_world.elf.dir/c_/mcux/SDK_2_16_000_EVK-MIMXRT1060/middleware/usb/output/source/device/class/usb_device_class.c.obj
 .text.USB_DeviceClassGetHandleByDeviceHandle
                0x0000a294       0x68 CMakeFiles/hello_world.elf.dir/c_/mcux/SDK_2_16_000_EVK-MIMXRT1060/middleware/usb/output/source/device/class/usb_device_class.c.obj
 .text.USB_DeviceClassGetDeviceHandle
                0x0000a2fc       0x7c CMakeFiles/hello_world.elf.dir/c_/mcux/SDK_2_16_000_EVK-MIMXRT1060/middleware/usb/output/source/device/class/usb_device_class.c.obj
                0x0000a2fc                USB_DeviceClassGetDeviceHandle
 .text.USB_DeviceClassEvent
                0x0000a378       0xe4 CMakeFiles/hello_world.elf.dir/c_/mcux/SDK_2_16_000_EVK-MIMXRT1060/middleware/usb/output/source/device/class/usb_device_class.c.obj
                0x0000a378                USB_DeviceClassEvent
 .text.USB_DeviceClassCallback
                0x0000a45c       0x5e CMakeFiles/hello_world.elf.dir/c_/mcux/SDK_2_16_000_EVK-MIMXRT1060/middleware/usb/output/source/device/class/usb_device_class.c.obj
                0x0000a45c                USB_DeviceClassCallback
 *fill*         0x0000a4ba        0x2 
 .text.USB_DeviceClassInit
                0x0000a4bc      0x118 CMakeFiles/hello_world.elf.dir/c_/mcux/SDK_2_16_000_EVK-MIMXRT1060/middleware/usb/output/source/device/class/usb_device_class.c.obj
                0x0000a4bc                USB_DeviceClassInit
 .text.USB_DeviceClassGetSpeed
                0x0000a5d4       0x44 CMakeFiles/hello_world.elf.dir/c_/mcux/SDK_2_16_000_EVK-MIMXRT1060/middleware/usb/output/source/device/class/usb_device_class.c.obj
                0x0000a5d4                USB_DeviceClassGetSpeed
 .text.USB_DeviceCh9GetStatus
                0x0000a618      0x10a CMakeFiles/hello_world.elf.dir/c_/mcux/SDK_2_16_000_EVK-MIMXRT1060/middleware/usb/output/source/device/usb_device_ch9.c.obj
 .text.USB_DeviceCh9SetClearFeature
                0x0000a722      0x10c CMakeFiles/hello_world.elf.dir/c_/mcux/SDK_2_16_000_EVK-MIMXRT1060/middleware/usb/output/source/device/usb_device_ch9.c.obj
 .text.USB_DeviceCh9SetAddress
                0x0000a82e       0xca CMakeFiles/hello_world.elf.dir/c_/mcux/SDK_2_16_000_EVK-MIMXRT1060/middleware/usb/output/source/device/usb_device_ch9.c.obj
 .text.USB_DeviceCh9GetDescriptor
                0x0000a8f8      0x132 CMakeFiles/hello_world.elf.dir/c_/mcux/SDK_2_16_000_EVK-MIMXRT1060/middleware/usb/output/source/device/usb_device_ch9.c.obj
 .text.USB_DeviceCh9GetConfiguration
                0x0000aa2a       0x8e CMakeFiles/hello_world.elf.dir/c_/mcux/SDK_2_16_000_EVK-MIMXRT1060/middleware/usb/output/source/device/usb_device_ch9.c.obj
 .text.USB_DeviceCh9SetConfiguration
                0x0000aab8       0xb6 CMakeFiles/hello_world.elf.dir/c_/mcux/SDK_2_16_000_EVK-MIMXRT1060/middleware/usb/output/source/device/usb_device_ch9.c.obj
 .text.USB_DeviceCh9GetInterface
                0x0000ab6e       0x9c CMakeFiles/hello_world.elf.dir/c_/mcux/SDK_2_16_000_EVK-MIMXRT1060/middleware/usb/output/source/device/usb_device_ch9.c.obj
 .text.USB_DeviceCh9SetInterface
                0x0000ac0a       0x90 CMakeFiles/hello_world.elf.dir/c_/mcux/SDK_2_16_000_EVK-MIMXRT1060/middleware/usb/output/source/device/usb_device_ch9.c.obj
 .text.USB_DeviceCh9SynchFrame
                0x0000ac9a       0x90 CMakeFiles/hello_world.elf.dir/c_/mcux/SDK_2_16_000_EVK-MIMXRT1060/middleware/usb/output/source/device/usb_device_ch9.c.obj
 .text.USB_DeviceControlCallbackFeedback
                0x0000ad2a       0x9a CMakeFiles/hello_world.elf.dir/c_/mcux/SDK_2_16_000_EVK-MIMXRT1060/middleware/usb/output/source/device/usb_device_ch9.c.obj
 .text.USB_DeviceControlCallback
                0x0000adc4      0x3e8 CMakeFiles/hello_world.elf.dir/c_/mcux/SDK_2_16_000_EVK-MIMXRT1060/middleware/usb/output/source/device/usb_device_ch9.c.obj
 .text.USB_DeviceControlPipeInit
                0x0000b1ac       0x7c CMakeFiles/hello_world.elf.dir/c_/mcux/SDK_2_16_000_EVK-MIMXRT1060/middleware/usb/output/source/device/usb_device_ch9.c.obj
                0x0000b1ac                USB_DeviceControlPipeInit
 .text.USB_EhciPhyGetBase
                0x0000b228       0x94 CMakeFiles/hello_world.elf.dir/c_/mcux/SDK_2_16_000_EVK-MIMXRT1060/middleware/usb/phy/usb_phy.c.obj
                0x0000b228                USB_EhciPhyGetBase
 .text.USB_EhciPhyInit
                0x0000b2bc       0xc8 CMakeFiles/hello_world.elf.dir/c_/mcux/SDK_2_16_000_EVK-MIMXRT1060/middleware/usb/phy/usb_phy.c.obj
                0x0000b2bc                USB_EhciPhyInit
 .text.fsl_assert_hook
                0x0000b384       0x1a CMakeFiles/hello_world.elf.dir/c_/mcux/SDK_2_16_000_EVK-MIMXRT1060/devices/MIMXRT1062/utilities/fsl_assert.c.obj
                0x0000b384                fsl_assert_hook
 *fill*         0x0000b39e        0x2 
 .text.__assert_func
                0x0000b3a0       0x30 CMakeFiles/hello_world.elf.dir/c_/mcux/SDK_2_16_000_EVK-MIMXRT1060/devices/MIMXRT1062/utilities/fsl_assert.c.obj
                0x0000b3a0                __assert_func
 .text.DisableGlobalIRQ
                0x0000b3d0       0x22 CMakeFiles/hello_world.elf.dir/c_/mcux/SDK_2_16_000_EVK-MIMXRT1060/devices/MIMXRT1062/utilities/debug_console/fsl_debug_console.c.obj
 .text.EnableGlobalIRQ
                0x0000b3f2       0x20 CMakeFiles/hello_world.elf.dir/c_/mcux/SDK_2_16_000_EVK-MIMXRT1060/devices/MIMXRT1062/utilities/debug_console/fsl_debug_console.c.obj
 .text.DbgConsole_SerialManagerPerformTransfer
                0x0000b412       0xc4 CMakeFiles/hello_world.elf.dir/c_/mcux/SDK_2_16_000_EVK-MIMXRT1060/devices/MIMXRT1062/utilities/debug_console/fsl_debug_console.c.obj
 .text.DbgConsole_SerialManagerTxCallback
                0x0000b4d6       0x7a CMakeFiles/hello_world.elf.dir/c_/mcux/SDK_2_16_000_EVK-MIMXRT1060/devices/MIMXRT1062/utilities/debug_console/fsl_debug_console.c.obj
 .text.DbgConsole_SerialManagerTx2Callback
                0x0000b550       0x56 CMakeFiles/hello_world.elf.dir/c_/mcux/SDK_2_16_000_EVK-MIMXRT1060/devices/MIMXRT1062/utilities/debug_console/fsl_debug_console.c.obj
 *fill*         0x0000b5a6        0x2 
 .text.DbgConsole_SerialManagerRxCallback
                0x0000b5a8       0x44 CMakeFiles/hello_world.elf.dir/c_/mcux/SDK_2_16_000_EVK-MIMXRT1060/devices/MIMXRT1062/utilities/debug_console/fsl_debug_console.c.obj
 .text.DbgConsole_SendData
                0x0000b5ec      0x104 CMakeFiles/hello_world.elf.dir/c_/mcux/SDK_2_16_000_EVK-MIMXRT1060/devices/MIMXRT1062/utilities/debug_console/fsl_debug_console.c.obj
                0x0000b5ec                DbgConsole_SendData
 .text.DbgConsole_SendDataReliable
                0x0000b6f0      0x108 CMakeFiles/hello_world.elf.dir/c_/mcux/SDK_2_16_000_EVK-MIMXRT1060/devices/MIMXRT1062/utilities/debug_console/fsl_debug_console.c.obj
                0x0000b6f0                DbgConsole_SendDataReliable
 .text.DbgConsole_PrintCallback
                0x0000b7f8       0x66 CMakeFiles/hello_world.elf.dir/c_/mcux/SDK_2_16_000_EVK-MIMXRT1060/devices/MIMXRT1062/utilities/debug_console/fsl_debug_console.c.obj
 *fill*         0x0000b85e        0x2 
 .text.DbgConsole_Init
                0x0000b860      0x168 CMakeFiles/hello_world.elf.dir/c_/mcux/SDK_2_16_000_EVK-MIMXRT1060/devices/MIMXRT1062/utilities/debug_console/fsl_debug_console.c.obj
                0x0000b860                DbgConsole_Init
 .text.DbgConsole_Flush
                0x0000b9c8       0x28 CMakeFiles/hello_world.elf.dir/c_/mcux/SDK_2_16_000_EVK-MIMXRT1060/devices/MIMXRT1062/utilities/debug_console/fsl_debug_console.c.obj
                0x0000b9c8                DbgConsole_Flush
 .text.DbgConsole_Printf
                0x0000b9f0       0x2c CMakeFiles/hello_world.elf.dir/c_/mcux/SDK_2_16_000_EVK-MIMXRT1060/devices/MIMXRT1062/utilities/debug_console/fsl_debug_console.c.obj
                0x0000b9f0                DbgConsole_Printf
 .text.DbgConsole_Vprintf
                0x0000ba1c       0x68 CMakeFiles/hello_world.elf.dir/c_/mcux/SDK_2_16_000_EVK-MIMXRT1060/devices/MIMXRT1062/utilities/debug_console/fsl_debug_console.c.obj
                0x0000ba1c                DbgConsole_Vprintf
 .text.PrintGetWidth
                0x0000ba84       0x6a CMakeFiles/hello_world.elf.dir/c_/mcux/SDK_2_16_000_EVK-MIMXRT1060/devices/MIMXRT1062/utilities/str/fsl_str.c.obj
 .text.PrintGetPrecision
                0x0000baee       0x8c CMakeFiles/hello_world.elf.dir/c_/mcux/SDK_2_16_000_EVK-MIMXRT1060/devices/MIMXRT1062/utilities/str/fsl_str.c.obj
 .text.PrintIsobpu
                0x0000bb7a       0x38 CMakeFiles/hello_world.elf.dir/c_/mcux/SDK_2_16_000_EVK-MIMXRT1060/devices/MIMXRT1062/utilities/str/fsl_str.c.obj
 .text.PrintIsdi
                0x0000bbb2       0x2c CMakeFiles/hello_world.elf.dir/c_/mcux/SDK_2_16_000_EVK-MIMXRT1060/devices/MIMXRT1062/utilities/str/fsl_str.c.obj
 .text.PrintOutputdifFobpu
                0x0000bbde       0x44 CMakeFiles/hello_world.elf.dir/c_/mcux/SDK_2_16_000_EVK-MIMXRT1060/devices/MIMXRT1062/utilities/str/fsl_str.c.obj
 .text.PrintOutputxX
                0x0000bc22       0x44 CMakeFiles/hello_world.elf.dir/c_/mcux/SDK_2_16_000_EVK-MIMXRT1060/devices/MIMXRT1062/utilities/str/fsl_str.c.obj
 .text.PrintIsfF
                0x0000bc66       0x2c CMakeFiles/hello_world.elf.dir/c_/mcux/SDK_2_16_000_EVK-MIMXRT1060/devices/MIMXRT1062/utilities/str/fsl_str.c.obj
 .text.PrintIsxX
                0x0000bc92       0x2c CMakeFiles/hello_world.elf.dir/c_/mcux/SDK_2_16_000_EVK-MIMXRT1060/devices/MIMXRT1062/utilities/str/fsl_str.c.obj
 .text.PrintFilterLengthFlag
                0x0000bcbe       0x3e CMakeFiles/hello_world.elf.dir/c_/mcux/SDK_2_16_000_EVK-MIMXRT1060/devices/MIMXRT1062/utilities/str/fsl_str.c.obj
 .text.PrintGetRadixFromobpu
                0x0000bcfc       0x40 CMakeFiles/hello_world.elf.dir/c_/mcux/SDK_2_16_000_EVK-MIMXRT1060/devices/MIMXRT1062/utilities/str/fsl_str.c.obj
 .text.ConvertRadixNumToString
                0x0000bd3c       0xc2 CMakeFiles/hello_world.elf.dir/c_/mcux/SDK_2_16_000_EVK-MIMXRT1060/devices/MIMXRT1062/utilities/str/fsl_str.c.obj
 .text.StrFormatExaminedi
                0x0000bdfe       0x26 CMakeFiles/hello_world.elf.dir/c_/mcux/SDK_2_16_000_EVK-MIMXRT1060/devices/MIMXRT1062/utilities/str/fsl_str.c.obj
 .text.StrFormatExaminexX
                0x0000be24       0x26 CMakeFiles/hello_world.elf.dir/c_/mcux/SDK_2_16_000_EVK-MIMXRT1060/devices/MIMXRT1062/utilities/str/fsl_str.c.obj
 .text.StrFormatExamineobpu
                0x0000be4a       0x26 CMakeFiles/hello_world.elf.dir/c_/mcux/SDK_2_16_000_EVK-MIMXRT1060/devices/MIMXRT1062/utilities/str/fsl_str.c.obj
 .text.ConvertPrecisionWidthToLength
                0x0000be70       0x20 CMakeFiles/hello_world.elf.dir/c_/mcux/SDK_2_16_000_EVK-MIMXRT1060/devices/MIMXRT1062/utilities/str/fsl_str.c.obj
 .text.StrFormatPrintf
                0x0000be90      0x2bc CMakeFiles/hello_world.elf.dir/c_/mcux/SDK_2_16_000_EVK-MIMXRT1060/devices/MIMXRT1062/utilities/str/fsl_str.c.obj
                0x0000be90                StrFormatPrintf
 .text.__udivmoddi4
                0x0000c14c      0x2f8 C:/NXP/MCUXpressoIDE_25.6.136/ide/tools/bin/../lib/gcc/arm-none-eabi/14.2.1/thumb/v7e-m+dp/hard\libgcc.a(_udivmoddi4.o)
                0x0000c14c                __udivmoddi4
 .text.exit     0x0000c444       0x24 C:/NXP/MCUXpressoIDE_25.6.136/ide/tools/bin/../lib/gcc/arm-none-eabi/14.2.1/thumb/v7e-m+dp/hard\libc_nano.a(libc_a-exit.o)
                0x0000c444                exit
 .text.memset   0x0000c468       0x10 C:/NXP/MCUXpressoIDE_25.6.136/ide/tools/bin/../lib/gcc/arm-none-eabi/14.2.1/thumb/v7e-m+dp/hard\libc_nano.a(libc_a-memset.o)
                0x0000c468                memset
 .text.__libc_init_array
                0x0000c478       0x48 C:/NXP/MCUXpressoIDE_25.6.136/ide/tools/bin/../lib/gcc/arm-none-eabi/14.2.1/thumb/v7e-m+dp/hard\libc_nano.a(libc_a-init.o)
                0x0000c478                __libc_init_array
 .text._exit    0x0000c4c0        0x2 C:/NXP/MCUXpressoIDE_25.6.136/ide/tools/bin/../lib/gcc/arm-none-eabi/14.2.1/../../../../arm-none-eabi/lib/thumb/v7e-m+dp/hard\libcr_newlib_nohost.a(_exit.o)
                0x0000c4c0                _exit
 *(.rodata)
 *fill*         0x0000c4c2        0x2 
 .rodata        0x0000c4c4      0x1ff CMakeFiles/hello_world.elf.dir/57cdbd3503a16e3a7a20bdf509f7db1c/Hardware/teensy/evkmimxrt1060_hello_world/hello_world.c.obj
 *fill*         0x0000c6c3        0x1 
 .rodata        0x0000c6c4       0xa3 CMakeFiles/hello_world.elf.dir/C_/Users/1-21/Desktop/MyGitMISRA/VEDA_Final_Project/Hardware/teensy/evkmimxrt1060_hello_world/board.c.obj
 *fill*         0x0000c767        0x1 
 .rodata        0x0000c768       0x79 CMakeFiles/hello_world.elf.dir/57cdbd3503a16e3a7a20bdf509f7db1c/Hardware/teensy/evkmimxrt1060_hello_world/clock_config.c.obj
 *fill*         0x0000c7e1        0x3 
 .rodata        0x0000c7e4       0x7f CMakeFiles/hello_world.elf.dir/c_/mcux/SDK_2_16_000_EVK-MIMXRT1060/components/osa/fsl_os_abstraction_bm.c.obj
 *fill*         0x0000c863        0x1 
 .rodata        0x0000c864        0x4 CMakeFiles/hello_world.elf.dir/c_/mcux/SDK_2_16_000_EVK-MIMXRT1060/components/serial_manager/fsl_component_serial_port_usb.c.obj
 .rodata        0x0000c868       0x86 CMakeFiles/hello_world.elf.dir/c_/mcux/SDK_2_16_000_EVK-MIMXRT1060/devices/MIMXRT1062/drivers/fsl_clock.c.obj
 *fill*         0x0000c8ee        0x2 
 .rodata        0x0000c8f0       0xa4 CMakeFiles/hello_world.elf.dir/c_/mcux/SDK_2_16_000_EVK-MIMXRT1060/devices/MIMXRT1062/drivers/fsl_common_arm.c.obj
 .rodata        0x0000c994       0xd6 CMakeFiles/hello_world.elf.dir/c_/mcux/SDK_2_16_000_EVK-MIMXRT1060/devices/MIMXRT1062/drivers/fsl_gpio.c.obj
 *fill*         0x0000ca6a        0x2 
 .rodata        0x0000ca6c      0x1ca CMakeFiles/hello_world.elf.dir/c_/mcux/SDK_2_16_000_EVK-MIMXRT1060/devices/MIMXRT1062/drivers/fsl_lpi2c.c.obj
 *fill*         0x0000cc36        0x2 
 .rodata        0x0000cc38      0x1cd CMakeFiles/hello_world.elf.dir/c_/mcux/SDK_2_16_000_EVK-MIMXRT1060/devices/MIMXRT1062/drivers/fsl_lpspi.c.obj
 *fill*         0x0000ce05        0x3 
 .rodata        0x0000ce08        0x8 CMakeFiles/hello_world.elf.dir/c_/mcux/SDK_2_16_000_EVK-MIMXRT1060/middleware/usb/device/usb_device_ehci.c.obj
 .rodata        0x0000ce10        0x8 CMakeFiles/hello_world.elf.dir/c_/mcux/SDK_2_16_000_EVK-MIMXRT1060/middleware/usb/phy/usb_phy.c.obj
 .rodata        0x0000ce18       0x3e CMakeFiles/hello_world.elf.dir/c_/mcux/SDK_2_16_000_EVK-MIMXRT1060/devices/MIMXRT1062/utilities/fsl_assert.c.obj
 *(.rodata*)
 *fill*         0x0000ce56        0x2 
 .rodata.__func__.2
                0x0000ce58       0x12 CMakeFiles/hello_world.elf.dir/57cdbd3503a16e3a7a20bdf509f7db1c/Hardware/teensy/evkmimxrt1060_hello_world/hello_world.c.obj
 *fill*         0x0000ce6a        0x2 
 .rodata.__func__.1
                0x0000ce6c        0xd CMakeFiles/hello_world.elf.dir/57cdbd3503a16e3a7a20bdf509f7db1c/Hardware/teensy/evkmimxrt1060_hello_world/hello_world.c.obj
 *fill*         0x0000ce79        0x3 
 .rodata.__func__.0
                0x0000ce7c        0xd CMakeFiles/hello_world.elf.dir/57cdbd3503a16e3a7a20bdf509f7db1c/Hardware/teensy/evkmimxrt1060_hello_world/hello_world.c.obj
 *fill*         0x0000ce89        0x3 
 .rodata.__func__.0
                0x0000ce8c       0x10 CMakeFiles/hello_world.elf.dir/C_/Users/1-21/Desktop/MyGitMISRA/VEDA_Final_Project/Hardware/teensy/evkmimxrt1060_hello_world/board.c.obj
 .rodata.armPllConfig_BOARD_BootClockRUN
                0x0000ce9c        0x8 CMakeFiles/hello_world.elf.dir/57cdbd3503a16e3a7a20bdf509f7db1c/Hardware/teensy/evkmimxrt1060_hello_world/clock_config.c.obj
                0x0000ce9c                armPllConfig_BOARD_BootClockRUN
 .rodata.sysPllConfig_BOARD_BootClockRUN
                0x0000cea4       0x14 CMakeFiles/hello_world.elf.dir/57cdbd3503a16e3a7a20bdf509f7db1c/Hardware/teensy/evkmimxrt1060_hello_world/clock_config.c.obj
                0x0000cea4                sysPllConfig_BOARD_BootClockRUN
 .rodata.usb1PllConfig_BOARD_BootClockRUN
                0x0000ceb8        0x2 CMakeFiles/hello_world.elf.dir/57cdbd3503a16e3a7a20bdf509f7db1c/Hardware/teensy/evkmimxrt1060_hello_world/clock_config.c.obj
                0x0000ceb8                usb1PllConfig_BOARD_BootClockRUN
 *fill*         0x0000ceba        0x2 
 .rodata.__func__.2
                0x0000cebc       0x12 CMakeFiles/hello_world.elf.dir/57cdbd3503a16e3a7a20bdf509f7db1c/Hardware/teensy/evkmimxrt1060_hello_world/clock_config.c.obj
 *fill*         0x0000cece        0x2 
 .rodata.__func__.1
                0x0000ced0        0xd CMakeFiles/hello_world.elf.dir/57cdbd3503a16e3a7a20bdf509f7db1c/Hardware/teensy/evkmimxrt1060_hello_world/clock_config.c.obj
 *fill*         0x0000cedd        0x3 
 .rodata.__func__.0
                0x0000cee0        0xd CMakeFiles/hello_world.elf.dir/57cdbd3503a16e3a7a20bdf509f7db1c/Hardware/teensy/evkmimxrt1060_hello_world/clock_config.c.obj
 *fill*         0x0000ceed        0x3 
 .rodata.__func__.9
                0x0000cef0       0x10 CMakeFiles/hello_world.elf.dir/c_/mcux/SDK_2_16_000_EVK-MIMXRT1060/components/osa/fsl_os_abstraction_bm.c.obj
 .rodata.__func__.7
                0x0000cf00       0x11 CMakeFiles/hello_world.elf.dir/c_/mcux/SDK_2_16_000_EVK-MIMXRT1060/components/osa/fsl_os_abstraction_bm.c.obj
 *fill*         0x0000cf11        0x3 
 .rodata.__func__.8
                0x0000cf14       0x16 CMakeFiles/hello_world.elf.dir/c_/mcux/SDK_2_16_000_EVK-MIMXRT1060/devices/MIMXRT1062/drivers/fsl_clock.c.obj
 *fill*         0x0000cf2a        0x2 
 .rodata.g_ccmConfigUsbPll.3
                0x0000cf2c        0x2 CMakeFiles/hello_world.elf.dir/c_/mcux/SDK_2_16_000_EVK-MIMXRT1060/devices/MIMXRT1062/drivers/fsl_clock.c.obj
 *fill*         0x0000cf2e        0x2 
 .rodata.__func__.0
                0x0000cf30       0x13 CMakeFiles/hello_world.elf.dir/c_/mcux/SDK_2_16_000_EVK-MIMXRT1060/devices/MIMXRT1062/drivers/fsl_common_arm.c.obj
 *fill*         0x0000cf43        0x1 
 .rodata.s_gpioBases
                0x0000cf44       0x2c CMakeFiles/hello_world.elf.dir/c_/mcux/SDK_2_16_000_EVK-MIMXRT1060/devices/MIMXRT1062/drivers/fsl_gpio.c.obj
 .rodata.s_gpioClock
                0x0000cf70        0xc CMakeFiles/hello_world.elf.dir/c_/mcux/SDK_2_16_000_EVK-MIMXRT1060/devices/MIMXRT1062/drivers/fsl_gpio.c.obj
 .rodata.__func__.2
                0x0000cf7c       0x11 CMakeFiles/hello_world.elf.dir/c_/mcux/SDK_2_16_000_EVK-MIMXRT1060/devices/MIMXRT1062/drivers/fsl_gpio.c.obj
 *fill*         0x0000cf8d        0x3 
 .rodata.__func__.1
                0x0000cf90       0x12 CMakeFiles/hello_world.elf.dir/c_/mcux/SDK_2_16_000_EVK-MIMXRT1060/devices/MIMXRT1062/drivers/fsl_gpio.c.obj
 *fill*         0x0000cfa2        0x2 
 .rodata.__func__.0
                0x0000cfa4        0xe CMakeFiles/hello_world.elf.dir/c_/mcux/SDK_2_16_000_EVK-MIMXRT1060/devices/MIMXRT1062/drivers/fsl_gpio.c.obj
 *fill*         0x0000cfb2        0x2 
 .rodata.kLpi2cBases