../Core/Src/main.c:54:9:__io_putchar	16	static
../Core/Src/main.c:61:5:main	64	static
../Core/Src/main.c:105:13:uartSendText	24	static
../Core/Src/main.c:117:13:uartSendAngles	72	static
../Core/Src/main.c:128:13:uartSendOkWithAngles	80	static
../Core/Src/main.c:139:14:trimCommand	24	static
../Core/Src/main.c:159:13:uartSendBootDiagnostics	64	static
../Core/Src/main.c:183:13:uartStartReceiveIT	8	static
../Core/Src/main.c:188:13:processUartCommand	16	static
../Core/Src/main.c:241:6:HAL_UART_RxCpltCallback	16	static
../Core/Src/main.c:271:6:SystemClock_Config	88	static
../Core/Src/main.c:305:13:MX_I2C1_Init	8	static
../Core/Src/main.c:322:13:MX_SPI1_Init	4	static
../Core/Src/main.c:337:13:MX_TIM2_Init	48	static
../Core/Src/main.c:372:13:MX_USART2_UART_Init	8	static
../Core/Src/main.c:388:13:MX_DMA_Init	16	static
../Core/Src/main.c:397:13:MX_GPIO_Init	48	static
../Core/Src/main.c:412:6:Error_Handler	4	static,ignoring_inline_asm
