../Core/Src/main.c:57:9:__io_putchar	16	static
../Core/Src/main.c:64:5:main	64	static
../Core/Src/main.c:108:13:uartSendText	24	static
../Core/Src/main.c:120:13:uartSendAngles	72	static
../Core/Src/main.c:131:13:uartSendOkWithAngles	80	static
../Core/Src/main.c:142:14:trimCommand	24	static
../Core/Src/main.c:162:13:uartSendBootDiagnostics	64	static
../Core/Src/main.c:186:13:uartStartReceiveIT	8	static
../Core/Src/main.c:191:13:processUartCommand	88	static,ignoring_inline_asm
../Core/Src/main.c:268:6:HAL_UART_RxCpltCallback	16	static
../Core/Src/main.c:308:6:SystemClock_Config	88	static
../Core/Src/main.c:342:13:MX_I2C1_Init	8	static
../Core/Src/main.c:359:13:MX_SPI1_Init	4	static
../Core/Src/main.c:374:13:MX_TIM2_Init	48	static
../Core/Src/main.c:409:13:MX_USART2_UART_Init	8	static
../Core/Src/main.c:425:13:MX_DMA_Init	16	static
../Core/Src/main.c:434:13:MX_GPIO_Init	48	static
../Core/Src/main.c:449:6:Error_Handler	4	static,ignoring_inline_asm
