../Core/Src/main.c:50:5:__io_putchar	16	static
../Core/Src/main.c:56:5:main	24	static
../Core/Src/main.c:98:13:processPacket	72	static
../Core/Src/main.c:153:13:prepareResponse	16	static
../Core/Src/main.c:165:6:SystemClock_Config	88	static
../Core/Src/main.c:195:13:MX_I2C1_Init	8	static
../Core/Src/main.c:209:13:MX_SPI1_Init	8	static
../Core/Src/main.c:225:13:MX_TIM2_Init	48	static
../Core/Src/main.c:247:13:MX_USART2_UART_Init	8	static
../Core/Src/main.c:260:13:MX_DMA_Init	16	static
../Core/Src/main.c:269:13:MX_GPIO_Init	48	static
../Core/Src/main.c:282:6:Error_Handler	4	static,ignoring_inline_asm
