../Core/Src/main.c:59:9:__io_putchar	16	static
../Core/Src/main.c:66:5:main	64	static
../Core/Src/main.c:111:13:uartSendText	24	static
../Core/Src/main.c:123:13:uartSendAngles	72	static
../Core/Src/main.c:134:13:uartSendOkWithAngles	80	static
../Core/Src/main.c:145:14:trimCommand	24	static
../Core/Src/main.c:165:13:laserInit	32	static
../Core/Src/main.c:180:13:laserSet	16	static
../Core/Src/main.c:185:13:uartSendBootDiagnostics	64	static
../Core/Src/main.c:209:13:uartStartReceiveIT	8	static
../Core/Src/main.c:214:13:processUartCommand	88	static,ignoring_inline_asm
../Core/Src/main.c:303:6:HAL_UART_RxCpltCallback	16	static
../Core/Src/main.c:343:6:SystemClock_Config	88	static
../Core/Src/main.c:377:13:MX_I2C1_Init	8	static
../Core/Src/main.c:394:13:MX_SPI1_Init	4	static
../Core/Src/main.c:409:13:MX_TIM2_Init	48	static
../Core/Src/main.c:444:13:MX_USART2_UART_Init	8	static
../Core/Src/main.c:460:13:MX_DMA_Init	16	static
../Core/Src/main.c:469:13:MX_GPIO_Init	48	static
../Core/Src/main.c:484:6:Error_Handler	4	static,ignoring_inline_asm
